Archive member included to satisfy reference by file (symbol)

C:/ST/STM32CubeIDE_1.16.1/STM32CubeIDE/plugins/com.st.stm32cube.ide.mcu.externaltools.gnu-tools-for-stm32.13.3.rel1.win32_1.0.0.202411081344/tools/bin/../lib/gcc/arm-none-eabi/13.3.1/../../../../arm-none-eabi/lib/thumb/v7-m/nofp\libc_nano.a(libc_a-exit.o)
                              C:/ST/STM32CubeIDE_1.16.1/STM32CubeIDE/plugins/com.st.stm32cube.ide.mcu.externaltools.gnu-tools-for-stm32.13.3.rel1.win32_1.0.0.202411081344/tools/bin/../lib/gcc/arm-none-eabi/13.3.1/../../../../arm-none-eabi/lib/thumb/v7-m/nofp/crt0.o (exit)
C:/ST/STM32CubeIDE_1.16.1/STM32CubeIDE/plugins/com.st.stm32cube.ide.mcu.externaltools.gnu-tools-for-stm32.13.3.rel1.win32_1.0.0.202411081344/tools/bin/../lib/gcc/arm-none-eabi/13.3.1/../../../../arm-none-eabi/lib/thumb/v7-m/nofp\libc_nano.a(libc_a-findfp.o)
                              C:/ST/STM32CubeIDE_1.16.1/STM32CubeIDE/plugins/com.st.stm32cube.ide.mcu.externaltools.gnu-tools-for-stm32.13.3.rel1.win32_1.0.0.202411081344/tools/bin/../lib/gcc/arm-none-eabi/13.3.1/../../../../arm-none-eabi/lib/thumb/v7-m/nofp\libc_nano.a(libc_a-exit.o) (__stdio_exit_handler)
C:/ST/STM32CubeIDE_1.16.1/STM32CubeIDE/plugins/com.st.stm32cube.ide.mcu.externaltools.gnu-tools-for-stm32.13.3.rel1.win32_1.0.0.202411081344/tools/bin/../lib/gcc/arm-none-eabi/13.3.1/../../../../arm-none-eabi/lib/thumb/v7-m/nofp\libc_nano.a(libc_a-fwalk.o)
                              C:/ST/STM32CubeIDE_1.16.1/STM32CubeIDE/plugins/com.st.stm32cube.ide.mcu.externaltools.gnu-tools-for-stm32.13.3.rel1.win32_1.0.0.202411081344/tools/bin/../lib/gcc/arm-none-eabi/13.3.1/../../../../arm-none-eabi/lib/thumb/v7-m/nofp\libc_nano.a(libc_a-findfp.o) (_fwalk_sglue)
C:/ST/STM32CubeIDE_1.16.1/STM32CubeIDE/plugins/com.st.stm32cube.ide.mcu.externaltools.gnu-tools-for-stm32.13.3.rel1.win32_1.0.0.202411081344/tools/bin/../lib/gcc/arm-none-eabi/13.3.1/../../../../arm-none-eabi/lib/thumb/v7-m/nofp\libc_nano.a(libc_a-stdio.o)
                              C:/ST/STM32CubeIDE_1.16.1/STM32CubeIDE/plugins/com.st.stm32cube.ide.mcu.externaltools.gnu-tools-for-stm32.13.3.rel1.win32_1.0.0.202411081344/tools/bin/../lib/gcc/arm-none-eabi/13.3.1/../../../../arm-none-eabi/lib/thumb/v7-m/nofp\libc_nano.a(libc_a-findfp.o) (__sread)
C:/ST/STM32CubeIDE_1.16.1/STM32CubeIDE/plugins/com.st.stm32cube.ide.mcu.externaltools.gnu-tools-for-stm32.13.3.rel1.win32_1.0.0.202411081344/tools/bin/../lib/gcc/arm-none-eabi/13.3.1/../../../../arm-none-eabi/lib/thumb/v7-m/nofp\libc_nano.a(libc_a-memset.o)
                              C:/ST/STM32CubeIDE_1.16.1/STM32CubeIDE/plugins/com.st.stm32cube.ide.mcu.externaltools.gnu-tools-for-stm32.13.3.rel1.win32_1.0.0.202411081344/tools/bin/../lib/gcc/arm-none-eabi/13.3.1/../../../../arm-none-eabi/lib/thumb/v7-m/nofp/crt0.o (memset)
C:/ST/STM32CubeIDE_1.16.1/STM32CubeIDE/plugins/com.st.stm32cube.ide.mcu.externaltools.gnu-tools-for-stm32.13.3.rel1.win32_1.0.0.202411081344/tools/bin/../lib/gcc/arm-none-eabi/13.3.1/../../../../arm-none-eabi/lib/thumb/v7-m/nofp\libc_nano.a(libc_a-closer.o)
                              C:/ST/STM32CubeIDE_1.16.1/STM32CubeIDE/plugins/com.st.stm32cube.ide.mcu.externaltools.gnu-tools-for-stm32.13.3.rel1.win32_1.0.0.202411081344/tools/bin/../lib/gcc/arm-none-eabi/13.3.1/../../../../arm-none-eabi/lib/thumb/v7-m/nofp\libc_nano.a(libc_a-stdio.o) (_close_r)
C:/ST/STM32CubeIDE_1.16.1/STM32CubeIDE/plugins/com.st.stm32cube.ide.mcu.externaltools.gnu-tools-for-stm32.13.3.rel1.win32_1.0.0.202411081344/tools/bin/../lib/gcc/arm-none-eabi/13.3.1/../../../../arm-none-eabi/lib/thumb/v7-m/nofp\libc_nano.a(libc_a-reent.o)
                              C:/ST/STM32CubeIDE_1.16.1/STM32CubeIDE/plugins/com.st.stm32cube.ide.mcu.externaltools.gnu-tools-for-stm32.13.3.rel1.win32_1.0.0.202411081344/tools/bin/../lib/gcc/arm-none-eabi/13.3.1/../../../../arm-none-eabi/lib/thumb/v7-m/nofp\libc_nano.a(libc_a-closer.o) (errno)
C:/ST/STM32CubeIDE_1.16.1/STM32CubeIDE/plugins/com.st.stm32cube.ide.mcu.externaltools.gnu-tools-for-stm32.13.3.rel1.win32_1.0.0.202411081344/tools/bin/../lib/gcc/arm-none-eabi/13.3.1/../../../../arm-none-eabi/lib/thumb/v7-m/nofp\libc_nano.a(libc_a-impure.o)
                              C:/ST/STM32CubeIDE_1.16.1/STM32CubeIDE/plugins/com.st.stm32cube.ide.mcu.externaltools.gnu-tools-for-stm32.13.3.rel1.win32_1.0.0.202411081344/tools/bin/../lib/gcc/arm-none-eabi/13.3.1/../../../../arm-none-eabi/lib/thumb/v7-m/nofp\libc_nano.a(libc_a-reent.o) (_impure_ptr)
C:/ST/STM32CubeIDE_1.16.1/STM32CubeIDE/plugins/com.st.stm32cube.ide.mcu.externaltools.gnu-tools-for-stm32.13.3.rel1.win32_1.0.0.202411081344/tools/bin/../lib/gcc/arm-none-eabi/13.3.1/../../../../arm-none-eabi/lib/thumb/v7-m/nofp\libc_nano.a(libc_a-lseekr.o)
[...]
Memory Configuration

Name             Origin             Length             Attributes
RAM              0x20000000         0x00005000         xrw
FLASH            0x08000000         0x00010000         xr
*default*        0x00000000         0xffffffff

Linker script and memory map

LOAD C:/ST/STM32CubeIDE_1.16.1/STM32CubeIDE/plugins/com.st.stm32cube.ide.mcu.externaltools.gnu-tools-for-stm32.13.3.rel1.win32_1.0.0.202411081344/tools/bin/../lib/gcc/arm-none-eabi/13.3.1/thumb/v7-m/nofp/crti.o
LOAD C:/ST/STM32CubeIDE_1.16.1/STM32CubeIDE/plugins/com.st.stm32cube.ide.mcu.externaltools.gnu-tools-for-stm32.13.3.rel1.win32_1.0.0.202411081344/tools/bin/../lib/gcc/arm-none-eabi/13.3.1/thumb/v7-m/nofp/crtbegin.o
LOAD C:/ST/STM32CubeIDE_1.16.1/STM32CubeIDE/plugins/com.st.stm32cube.ide.mcu.externaltools.gnu-tools-for-stm32.13.3.rel1.win32_1.0.0.202411081344/tools/bin/../lib/gcc/arm-none-eabi/13.3.1/../../../../arm-none-eabi/lib/thumb/v7-m/nofp/crt0.o
LOAD ./Core/Src/cart_adapter.o
LOAD ./Core/Src/main.o
LOAD ./Core/Src/stm32f1xx_hal_msp.o
LOAD ./Core/Src/stm32f1xx_it.o
LOAD ./Core/Src/syscalls.o
LOAD ./Core/Src/sysmem.o
LOAD ./Core/Src/system_stm32f1xx.o
LOAD ./Core/Src/uart.o
LOAD ./Core/Startup/startup_stm32f103c8tx.o
LOAD ./Drivers/STM32F1xx_HAL_Driver/Src/stm32f1xx_hal.o
LOAD ./Drivers/STM32F1xx_HAL_Driver/Src/stm32f1xx_hal_cortex.o
LOAD ./Drivers/STM32F1xx_HAL_Driver/Src/stm32f1xx_hal_dma.o
LOAD ./Drivers/STM32F1xx_HAL_Driver/Src/stm32f1xx_hal_exti.o
LOAD ./Drivers/STM32F1xx_HAL_Driver/Src/stm32f1xx_hal_flash.o
LOAD ./Drivers/STM32F1xx_HAL_Driver/Src/stm32f1xx_hal_flash_ex.o
LOAD ./Drivers/STM32F1xx_HAL_Driver/Src/stm32f1xx_hal_gpio.o
LOAD ./Drivers/STM32F1xx_HAL_Driver/Src/stm32f1xx_hal_gpio_ex.o
LOAD ./Drivers/STM32F1xx_HAL_Driver/Src/stm32f1xx_hal_pcd.o
LOAD ./Drivers/STM32F1xx_HAL_Driver/Src/stm32f1xx_hal_pcd_ex.o
LOAD ./Drivers/STM32F1xx_HAL_Driver/Src/stm32f1xx_hal_pwr.o
LOAD ./Drivers/STM32F1xx_HAL_Driver/Src/stm32f1xx_hal_rcc.o
LOAD ./Drivers/STM32F1xx_HAL_Driver/Src/stm32f1xx_hal_rcc_ex.o
LOAD ./Drivers/STM32F1xx_HAL_Driver/Src/stm32f1xx_ll_usb.o
LOAD ./Middlewares/ST/STM32_USB_Device_Library/Class/CDC/Src/usbd_cdc.o
LOAD ./Middlewares/ST/STM32_USB_Device_Library/Core/Src/usbd_core.o
LOAD ./Middlewares/ST/STM32_USB_Device_Library/Core/Src/usbd_ctlreq.o
LOAD ./Middlewares/ST/STM32_USB_Device_Library/Core/Src/usbd_ioreq.o
LOAD ./USB_DEVICE/App/usb_device.o
LOAD ./USB_DEVICE/App/usbd_cdc_if.o
LOAD ./USB_DEVICE/App/usbd_desc.o
LOAD ./USB_DEVICE/Target/usbd_conf.o
START GROUP
LOAD C:/ST/STM32CubeIDE_1.16.1/STM32CubeIDE/plugins/com.st.stm32cube.ide.mcu.externaltools.gnu-tools-for-stm32.13.3.rel1.win32_1.0.0.202411081344/tools/bin/../lib/gcc/arm-none-eabi/13.3.1/../../../../arm-none-eabi/lib/thumb/v7-m/nofp\libc_nano.a
LOAD C:/ST/STM32CubeIDE_1.16.1/STM32CubeIDE/plugins/com.st.stm32cube.ide.mcu.externaltools.gnu-tools-for-stm32.13.3.rel1.win32_1.0.0.202411081344/tools/bin/../lib/gcc/arm-none-eabi/13.3.1/../../../../arm-none-eabi/lib/thumb/v7-m/nofp\libm.a
END GROUP
START GROUP
LOAD C:/ST/STM32CubeIDE_1.16.1/STM32CubeIDE/plugins/com.st.stm32cube.ide.mcu.externaltools.gnu-tools-for-stm32.13.3.rel1.win32_1.0.0.202411081344/tools/bin/../lib/gcc/arm-none-eabi/13.3.1/thumb/v7-m/nofp\libgcc.a
LOAD C:/ST/STM32CubeIDE_1.16.1/STM32CubeIDE/plugins/com.st.stm32cube.ide.mcu.externaltools.gnu-tools-for-stm32.13.3.rel1.win32_1.0.0.202411081344/tools/bin/../lib/gcc/arm-none-eabi/13.3.1/../../../../arm-none-eabi/lib/thumb/v7-m/nofp\libc_nano.a
END GROUP
START GROUP
LOAD C:/ST/STM32CubeIDE_1.16.1/STM32CubeIDE/plugins/com.st.stm32cube.ide.mcu.externaltools.gnu-tools-for-stm32.13.3.rel1.win32_1.0.0.202411081344/tools/bin/../lib/gcc/arm-none-eabi/13.3.1/thumb/v7-m/nofp\libgcc.a
LOAD C:/ST/STM32CubeIDE_1.16.1/STM32CubeIDE/plugins/com.st.stm32cube.ide.mcu.externaltools.gnu-tools-for-stm32.13.3.rel1.win32_1.0.0.202411081344/tools/bin/../lib/gcc/arm-none-eabi/13.3.1/../../../../arm-none-eabi/lib/thumb/v7-m/nofp\libc_nano.a
LOAD C:/ST/STM32CubeIDE_1.16.1/STM32CubeIDE/plugins/com.st.stm32cube.ide.mcu.externaltools.gnu-tools-for-stm32.13.3.rel1.win32_1.0.0.202411081344/tools/bin/../lib/gcc/arm-none-eabi/13.3.1/../../../../arm-none-eabi/lib/thumb/v7-m/nofp\libnosys.a
END GROUP
START GROUP
LOAD C:/ST/STM32CubeIDE_1.16.1/STM32CubeIDE/plugins/com.st.stm32cube.ide.mcu.externaltools.gnu-tools-for-stm32.13.3.rel1.win32_1.0.0.202411081344/tools/bin/../lib/gcc/arm-none-eabi/13.3.1/thumb/v7-m/nofp\libgcc.a
LOAD C:/ST/STM32CubeIDE_1.16.1/STM32CubeIDE/plugins/com.st.stm32cube.ide.mcu.externaltools.gnu-tools-for-stm32.13.3.rel1.win32_1.0.0.202411081344/tools/bin/../lib/gcc/arm-none-eabi/13.3.1/../../../../arm-none-eabi/lib/thumb/v7-m/nofp\libc_nano.a
LOAD C:/ST/STM32CubeIDE_1.16.1/STM32CubeIDE/plugins/com.st.stm32cube.ide.mcu.externaltools.gnu-tools-for-stm32.13.3.rel1.win32_1.0.0.202411081344/tools/bin/../lib/gcc/arm-none-eabi/13.3.1/../../../../arm-none-eabi/lib/thumb/v7-m/nofp\libnosys.a
END GROUP
LOAD C:/ST/STM32CubeIDE_1.16.1/STM32CubeIDE/plugins/com.st.stm32cube.ide.mcu.externaltools.gnu-tools-for-stm32.13.3.rel1.win32_1.0.0.202411081344/tools/bin/../lib/gcc/arm-none-eabi/13.3.1/thumb/v7-m/nofp/crtend.o
LOAD C:/ST/STM32CubeIDE_1.16.1/STM32CubeIDE/plugins/com.st.stm32cube.ide.mcu.externaltools.gnu-tools-for-stm32.13.3.rel1.win32_1.0.0.202411081344/tools/bin/../lib/gcc/arm-none-eabi/13.3.1/thumb/v7-m/nofp/crtn.o
                0x20005000                        _estack = (ORIGIN (RAM) + LENGTH (RAM))
                0x00000200                        _Min_Heap_Size = 0x200
                0x00000400                        _Min_Stack_Size = 0x400

.isr_vector     0x08000000      0x10c
                0x08000000                        . = ALIGN (0x4)
 *(.isr_vector)
 .isr_vector    0x08000000      0x10c ./Core/Startup/startup_stm32f103c8tx.o
                0x08000000                g_pfnVectors
                0x0800010c                        . = ALIGN (0x4)

.text           0x0800010c     0x86dc
                0x0800010c                        . = ALIGN (0x4)
 *(.text)
 .text          0x0800010c       0x40 C:/ST/STM32CubeIDE_1.16.1/STM32CubeIDE/plugins/com.st.stm32cube.ide.mcu.externaltools.gnu-tools-for-stm32.13.3.rel1.win32_1.0.0.202411081344/tools/bin/../lib/gcc/arm-none-eabi/13.3.1/thumb/v7-m/nofp/crtbegin.o
 *(.text*)
 .text.cart_setDirection_ad
                0x0800014c       0x48 ./Core/Src/cart_adapter.o
                0x0800014c                cart_setDirection_ad
 .text.cart_setDirection_a
                0x08000194       0x38 ./Core/Src/cart_adapter.o
                0x08000194                cart_setDirection_a
 .text.cart_readBus_ad
                0x080001cc       0x18 ./Core/Src/cart_adapter.o
                0x080001cc                cart_readBus_ad
 .text.cart_readBus_a
                0x080001e4       0x18 ./Core/Src/cart_adapter.o
                0x080001e4                cart_readBus_a
 .text.cart_writeBus_ad
                0x080001fc       0x20 ./Core/Src/cart_adapter.o
                0x080001fc                cart_writeBus_ad
 .text.cart_writeBus_a
                0x0800021c       0x2c ./Core/Src/cart_adapter.o
                0x0800021c                cart_writeBus_a
 .text.cart_romRead
                0x08000248       0x90 ./Core/Src/cart_adapter.o
                0x08000248                cart_romRead
 .text.cart_romWrite
                0x080002d8       0x8c ./Core/Src/cart_adapter.o
                0x080002d8                cart_romWrite
 .text.cart_ramRead
                0x08000364       0x88 ./Core/Src/cart_adapter.o
                0x08000364                cart_ramRead
 .text.cart_ramWrite
                0x080003ec       0x8c ./Core/Src/cart_adapter.o
                0x080003ec                cart_ramWrite
 .text.cart_gbcRead
                0x08000478       0x84 ./Core/Src/cart_adapter.o
                0x08000478                cart_gbcRead
 .text.cart_gbcWrite
                0x080004fc       0x88 ./Core/Src/cart_adapter.o
                0x080004fc                cart_gbcWrite
 .text.main     0x08000584       0x1a ./Core/Src/main.o
                0x08000584                main
 .text.SystemClock_Config
                0x0800059e       0xb4 ./Core/Src/main.o
                0x0800059e                SystemClock_Config
 *fill*         0x08000652        0x2 
 .text.MX_GPIO_Init
                0x08000654      0x114 ./Core/Src/main.o
 .text.Error_Handler
                0x08000768        0xc ./Core/Src/main.o
                0x08000768                Error_Handler
 .text.HAL_MspInit
                0x08000774       0x64 ./Core/Src/stm32f1xx_hal_msp.o
                0x08000774                HAL_MspInit
 .text.NMI_Handler
                0x080007d8        0x8 ./Core/Src/stm32f1xx_it.o
                0x080007d8                NMI_Handler
 .text.HardFault_Handler
                0x080007e0        0x8 ./Core/Src/stm32f1xx_it.o
                0x080007e0                HardFault_Handler
 .text.MemManage_Handler
                0x080007e8        0x8 ./Core/Src/stm32f1xx_it.o
                0x080007e8                MemManage_Handler
 .text.BusFault_Handler
                0x080007f0        0x8 ./Core/Src/stm32f1xx_it.o
                0x080007f0                BusFault_Handler
 .text.UsageFault_Handler
                0x080007f8        0x8 ./Core/Src/stm32f1xx_it.o
                0x080007f8                UsageFault_Handler
 .text.SVC_Handler
                0x08000800        0xc ./Core/Src/stm32f1xx_it.o
                0x08000800                SVC_Handler
 .text.DebugMon_Handler
                0x0800080c        0xc ./Core/Src/stm32f1xx_it.o
                0x0800080c                DebugMon_Handler
 .text.PendSV_Handler
                0x08000818        0xc ./Core/Src/stm32f1xx_it.o
                0x08000818                PendSV_Handler
 .text.SysTick_Handler
                0x08000824        0xc ./Core/Src/stm32f1xx_it.o
                0x08000824                SysTick_Handler
 .text.USB_LP_CAN1_RX0_IRQHandler
                0x08000830       0x14 ./Core/Src/stm32f1xx_it.o
                0x08000830                USB_LP_CAN1_RX0_IRQHandler
 .text.SystemInit
                0x08000844        0xc ./Core/Src/system_stm32f1xx.o
                0x08000844                SystemInit
 .text.uart_setControlLine
                0x08000850       0x64 ./Core/Src/uart.o
                0x08000850                uart_setControlLine
 .text.uart_responData
                0x080008b4       0x90 ./Core/Src/uart.o
                0x080008b4                uart_responData
 .text.uart_responAck
                0x08000944       0x34 ./Core/Src/uart.o
                0x08000944                uart_responAck
 .text.uart_cmdRecv
                0x08000978       0x68 ./Core/Src/uart.o
                0x08000978                uart_cmdRecv
 .text.uart_clearRecvBuf
                0x080009e0       0x20 ./Core/Src/uart.o
                0x080009e0                uart_clearRecvBuf
 .text.uart_cmdHandler
                0x08000a00      0x124 ./Core/Src/uart.o
                0x08000a00                uart_cmdHandler
 .text.romWaitForDone
                0x08000b24       0x60 ./Core/Src/uart.o
                0x08000b24                romWaitForDone
 .text.romGetID
                0x08000b84       0xa0 ./Core/Src/uart.o
                0x08000b84                romGetID
 .text.romEraseChip
                0x08000c24       0x82 ./Core/Src/uart.o
                0x08000c24                romEraseChip
 .text.romEraseBlock
                0x08000ca6       0x10 ./Core/Src/uart.o
                0x08000ca6                romEraseBlock
 *fill*         0x08000cb6        0x2 
 .text.romEraseSector
                0x08000cb8       0xa4 ./Core/Src/uart.o
                0x08000cb8                romEraseSector
 .text.romProgram
                0x08000d5c      0x1a0 ./Core/Src/uart.o
                0x08000d5c                romProgram
 .text.romWrite
                0x08000efc       0x4c ./Core/Src/uart.o
                0x08000efc                romWrite
 .text.romRead  0x08000f48       0x60 ./Core/Src/uart.o
                0x08000f48                romRead
 .text.ramWrite
                0x08000fa8       0x4c ./Core/Src/uart.o
                0x08000fa8                ramWrite
 .text.ramRead  0x08000ff4       0x54 ./Core/Src/uart.o
                0x08000ff4                ramRead
 .text.ramProgramFlash
                0x08001048       0xd4 ./Core/Src/uart.o
                0x08001048                ramProgramFlash
 .text.ramWrite_forFram
                0x0800111c       0x88 ./Core/Src/uart.o
                0x0800111c                ramWrite_forFram
 .text.ramRead_forFram
                0x080011a4       0x94 ./Core/Src/uart.o
                0x080011a4                ramRead_forFram
 .text.gbcWrite
                0x08001238       0x4c ./Core/Src/uart.o
                0x08001238                gbcWrite
 .text.gbcRead  0x08001284       0x54 ./Core/Src/uart.o
                0x08001284                gbcRead
 .text.gbcRomProgram
                0x080012d8      0x1ac ./Core/Src/uart.o
                0x080012d8                gbcRomProgram
 .text.gbcWrite_forFram
                0x08001484       0x88 ./Core/Src/uart.o
                0x08001484                gbcWrite_forFram
 .text.gbcRead_forFram
                0x0800150c       0x94 ./Core/Src/uart.o
                0x0800150c                gbcRead_forFram
 .text.Reset_Handler
                0x080015a0       0x48 ./Core/Startup/startup_stm32f103c8tx.o
                0x080015a0                Reset_Handler
 .text.Default_Handler
                0x080015e8        0x2 ./Core/Startup/startup_stm32f103c8tx.o
                0x080015e8                RTC_Alarm_IRQHandler
                0x080015e8                EXTI2_IRQHandler
                0x080015e8                TIM1_CC_IRQHandler
                0x080015e8                PVD_IRQHandler
                0x080015e8                EXTI3_IRQHandler
                0x080015e8                EXTI0_IRQHandler
                0x080015e8                I2C2_EV_IRQHandler
                0x080015e8                ADC1_2_IRQHandler
                0x080015e8                SPI1_IRQHandler
                0x080015e8                TAMPER_IRQHandler
                0x080015e8                DMA1_Channel4_IRQHandler
                0x080015e8                USART3_IRQHandler
                0x080015e8                RTC_IRQHandler
                0x080015e8                DMA1_Channel7_IRQHandler
                0x080015e8                CAN1_RX1_IRQHandler
                0x080015e8                TIM4_IRQHandler
                0x080015e8                I2C1_EV_IRQHandler
                0x080015e8                DMA1_Channel6_IRQHandler
                0x080015e8                TIM3_IRQHandler
                0x080015e8                RCC_IRQHandler
                0x080015e8                TIM1_TRG_COM_IRQHandler
                0x080015e8                DMA1_Channel1_IRQHandler
                0x080015e8                Default_Handler
                0x080015e8                EXTI15_10_IRQHandler
                0x080015e8                EXTI9_5_IRQHandler
                0x080015e8                SPI2_IRQHandler
                0x080015e8                DMA1_Channel5_IRQHandler
                0x080015e8                EXTI4_IRQHandler
                0x080015e8                USB_HP_CAN1_TX_IRQHandler
                0x080015e8                DMA1_Channel3_IRQHandler
                0x080015e8                TIM1_UP_IRQHandler
                0x080015e8                WWDG_IRQHandler
                0x080015e8                TIM2_IRQHandler
                0x080015e8                TIM1_BRK_IRQHandler
                0x080015e8                EXTI1_IRQHandler
                0x080015e8                USART2_IRQHandler
                0x080015e8                I2C2_ER_IRQHandler
                0x080015e8                DMA1_Channel2_IRQHandler
                0x080015e8                CAN1_SCE_IRQHandler
                0x080015e8                FLASH_IRQHandler
                0x080015e8                USART1_IRQHandler
                0x080015e8                I2C1_ER_IRQHandler
                0x080015e8                USBWakeUp_IRQHandler
 *fill*         0x080015ea        0x2 
 .text.HAL_Init
                0x080015ec       0x2c ./Drivers/STM32F1xx_HAL_Driver/Src/stm32f1xx_hal.o
                0x080015ec                HAL_Init
 .text.HAL_InitTick
                0x08001618       0x60 ./Drivers/STM32F1xx_HAL_Driver/Src/stm32f1xx_hal.o
                0x08001618                HAL_InitTick
 .text.HAL_IncTick
                0x08001678       0x24 ./Drivers/STM32F1xx_HAL_Driver/Src/stm32f1xx_hal.o
                0x08001678                HAL_IncTick
 .text.HAL_GetTick
                0x0800169c       0x14 ./Drivers/STM32F1xx_HAL_Driver/Src/stm32f1xx_hal.o
                0x0800169c                HAL_GetTick
 .text.__NVIC_SetPriorityGrouping
                0x080016b0       0x48 ./Drivers/STM32F1xx_HAL_Driver/Src/stm32f1xx_hal_cortex.o
 .text.__NVIC_GetPriorityGrouping
                0x080016f8       0x1c ./Drivers/STM32F1xx_HAL_Driver/Src/stm32f1xx_hal_cortex.o
 .text.__NVIC_EnableIRQ
                0x08001714       0x38 ./Drivers/STM32F1xx_HAL_Driver/Src/stm32f1xx_hal_cortex.o
 .text.__NVIC_SetPriority
                0x0800174c       0x54 ./Drivers/STM32F1xx_HAL_Driver/Src/stm32f1xx_hal_cortex.o
 .text.NVIC_EncodePriority
                0x080017a0       0x64 ./Drivers/STM32F1xx_HAL_Driver/Src/stm32f1xx_hal_cortex.o
 .text.SysTick_Config
                0x08001804       0x44 ./Drivers/STM32F1xx_HAL_Driver/Src/stm32f1xx_hal_cortex.o
 .text.HAL_NVIC_SetPriorityGrouping
                0x08001848       0x16 ./Drivers/STM32F1xx_HAL_Driver/Src/stm32f1xx_hal_cortex.o
                0x08001848                HAL_NVIC_SetPriorityGrouping
 .text.HAL_NVIC_SetPriority
                0x0800185e       0x38 ./Drivers/STM32F1xx_HAL_Driver/Src/stm32f1xx_hal_cortex.o
                0x0800185e                HAL_NVIC_SetPriority
 .text.HAL_NVIC_EnableIRQ
                0x08001896       0x1c ./Drivers/STM32F1xx_HAL_Driver/Src/stm32f1xx_hal_cortex.o
                0x08001896                HAL_NVIC_EnableIRQ
 .text.HAL_SYSTICK_Config
                0x080018b2       0x18 ./Drivers/STM32F1xx_HAL_Driver/Src/stm32f1xx_hal_cortex.o
                0x080018b2                HAL_SYSTICK_Config
 *fill*         0x080018ca        0x2 
 .text.HAL_GPIO_Init
                0x080018cc      0x308 ./Drivers/STM32F1xx_HAL_Driver/Src/stm32f1xx_hal_gpio.o
                0x080018cc                HAL_GPIO_Init
 .text.HAL_GPIO_WritePin
                0x08001bd4       0x30 ./Drivers/STM32F1xx_HAL_Driver/Src/stm32f1xx_hal_gpio.o
                0x08001bd4                HAL_GPIO_WritePin
 .text.HAL_PCD_Init
                0x08001c04      0x1ec ./Drivers/STM32F1xx_HAL_Driver/Src/stm32f1xx_hal_pcd.o
                0x08001c04                HAL_PCD_Init
 .text.HAL_PCD_Start
                0x08001df0       0x4c ./Drivers/STM32F1xx_HAL_Driver/Src/stm32f1xx_hal_pcd.o
                0x08001df0                HAL_PCD_Start
 .text.HAL_PCD_IRQHandler
                0x08001e3c      0x260 ./Drivers/STM32F1xx_HAL_Driver/Src/stm32f1xx_hal_pcd.o
                0x08001e3c                HAL_PCD_IRQHandler
 .text.HAL_PCD_SetAddress
                0x0800209c       0x48 ./Drivers/STM32F1xx_HAL_Driver/Src/stm32f1xx_hal_pcd.o
                0x0800209c                HAL_PCD_SetAddress
 .text.HAL_PCD_EP_Open
                0x080020e4       0xba ./Drivers/STM32F1xx_HAL_Driver/Src/stm32f1xx_hal_pcd.o
                0x080020e4                HAL_PCD_EP_Open
 .text.HAL_PCD_EP_Close
                0x0800219e       0x90 ./Drivers/STM32F1xx_HAL_Driver/Src/stm32f1xx_hal_pcd.o
                0x0800219e                HAL_PCD_EP_Close
 .text.HAL_PCD_EP_Receive
                0x0800222e       0x62 ./Drivers/STM32F1xx_HAL_Driver/Src/stm32f1xx_hal_pcd.o
                0x0800222e                HAL_PCD_EP_Receive
 .text.HAL_PCD_EP_GetRxCount
                0x08002290       0x2e ./Drivers/STM32F1xx_HAL_Driver/Src/stm32f1xx_hal_pcd.o
                0x08002290                HAL_PCD_EP_GetRxCount
 .text.HAL_PCD_EP_Transmit
                0x080022be       0x6e ./Drivers/STM32F1xx_HAL_Driver/Src/stm32f1xx_hal_pcd.o
                0x080022be                HAL_PCD_EP_Transmit
 .text.HAL_PCD_EP_SetStall
                0x0800232c       0xc0 ./Drivers/STM32F1xx_HAL_Driver/Src/stm32f1xx_hal_pcd.o
                0x0800232c                HAL_PCD_EP_SetStall
 .text.HAL_PCD_EP_ClrStall
                0x080023ec       0xa8 ./Drivers/STM32F1xx_HAL_Driver/Src/stm32f1xx_hal_pcd.o
                0x080023ec                HAL_PCD_EP_ClrStall
 .text.PCD_EP_ISR_Handler
                0x08002494      0x79e ./Drivers/STM32F1xx_HAL_Driver/Src/stm32f1xx_hal_pcd.o
 .text.HAL_PCD_EP_DB_Receive
                0x08002c32      0x21a ./Drivers/STM32F1xx_HAL_Driver/Src/stm32f1xx_hal_pcd.o
 .text.HAL_PCD_EP_DB_Transmit
                0x08002e4c      0x7f4 ./Drivers/STM32F1xx_HAL_Driver/Src/stm32f1xx_hal_pcd.o
 .text.HAL_PCDEx_PMAConfig
                0x08003640       0x84 ./Drivers/STM32F1xx_HAL_Driver/Src/stm32f1xx_hal_pcd_ex.o
                0x08003640                HAL_PCDEx_PMAConfig
 .text.HAL_RCC_OscConfig
                0x080036c4      0x504 ./Drivers/STM32F1xx_HAL_Driver/Src/stm32f1xx_hal_rcc.o
                0x080036c4                HAL_RCC_OscConfig
 .text.HAL_RCC_ClockConfig
                0x08003bc8      0x1d4 ./Drivers/STM32F1xx_HAL_Driver/Src/stm32f1xx_hal_rcc.o
                0x08003bc8                HAL_RCC_ClockConfig
 .text.HAL_RCC_GetSysClockFreq
                0x08003d9c       0xa8 ./Drivers/STM32F1xx_HAL_Driver/Src/stm32f1xx_hal_rcc.o
                0x08003d9c                HAL_RCC_GetSysClockFreq
 .text.RCC_Delay
                0x08003e44       0x3c ./Drivers/STM32F1xx_HAL_Driver/Src/stm32f1xx_hal_rcc.o
 .text.HAL_RCCEx_PeriphCLKConfig
                0x08003e80      0x16c ./Drivers/STM32F1xx_HAL_Driver/Src/stm32f1xx_hal_rcc_ex.o
                0x08003e80                HAL_RCCEx_PeriphCLKConfig
 .text.USB_CoreInit
                0x08003fec       0x1a ./Drivers/STM32F1xx_HAL_Driver/Src/stm32f1xx_ll_usb.o
                0x08003fec                USB_CoreInit
 .text.USB_EnableGlobalInt
                0x08004006       0x2c ./Drivers/STM32F1xx_HAL_Driver/Src/stm32f1xx_ll_usb.o
                0x08004006                USB_EnableGlobalInt
 .text.USB_DisableGlobalInt
                0x08004032       0x34 ./Drivers/STM32F1xx_HAL_Driver/Src/stm32f1xx_ll_usb.o
                0x08004032                USB_DisableGlobalInt
 .text.USB_SetCurrentMode
                0x08004066       0x18 ./Drivers/STM32F1xx_HAL_Driver/Src/stm32f1xx_ll_usb.o
                0x08004066                USB_SetCurrentMode
 .text.USB_DevInit
                0x0800407e       0x3a ./Drivers/STM32F1xx_HAL_Driver/Src/stm32f1xx_ll_usb.o
                0x0800407e                USB_DevInit
 .text.USB_ActivateEndpoint
                0x080040b8      0x780 ./Drivers/STM32F1xx_HAL_Driver/Src/stm32f1xx_ll_usb.o
                0x080040b8                USB_ActivateEndpoint
 .text.USB_DeactivateEndpoint
                0x08004838      0x3d8 ./Drivers/STM32F1xx_HAL_Driver/Src/stm32f1xx_ll_usb.o
                0x08004838                USB_DeactivateEndpoint
 .text.USB_EPStartXfer
                0x08004c10     0x1762 ./Drivers/STM32F1xx_HAL_Driver/Src/stm32f1xx_ll_usb.o
                0x08004c10                USB_EPStartXfer
 .text.USB_EPSetStall
                0x08006372       0xa0 ./Drivers/STM32F1xx_HAL_Driver/Src/stm32f1xx_ll_usb.o
                0x08006372                USB_EPSetStall
 .text.USB_EPClearStall
                0x08006412      0x15a ./Drivers/STM32F1xx_HAL_Driver/Src/stm32f1xx_ll_usb.o
                0x08006412                USB_EPClearStall
 .text.USB_SetDevAddress
                0x0800656c       0x26 ./Drivers/STM32F1xx_HAL_Driver/Src/stm32f1xx_ll_usb.o
                0x0800656c                USB_SetDevAddress
 .text.USB_DevConnect
                0x08006592       0x14 ./Drivers/STM32F1xx_HAL_Driver/Src/stm32f1xx_ll_usb.o
                0x08006592                USB_DevConnect
 .text.USB_DevDisconnect
                0x080065a6       0x14 ./Drivers/STM32F1xx_HAL_Driver/Src/stm32f1xx_ll_usb.o
                0x080065a6                USB_DevDisconnect
 .text.USB_ReadInterrupts
                0x080065ba       0x1e ./Drivers/STM32F1xx_HAL_Driver/Src/stm32f1xx_ll_usb.o
                0x080065ba                USB_ReadInterrupts
 .text.USB_EP0_OutStart
                0x080065d8       0x16 ./Drivers/STM32F1xx_HAL_Driver/Src/stm32f1xx_ll_usb.o
                0x080065d8                USB_EP0_OutStart
 .text.USB_WritePMA
                0x080065ee       0x8c ./Drivers/STM32F1xx_HAL_Driver/Src/stm32f1xx_ll_usb.o
                0x080065ee                USB_WritePMA
 .text.USB_ReadPMA
                0x0800667a       0x9e ./Drivers/STM32F1xx_HAL_Driver/Src/stm32f1xx_ll_usb.o
                0x0800667a                USB_ReadPMA
 .text.USBD_CDC_Init
                0x08006718       0xf4 ./Middlewares/ST/STM32_USB_Device_Library/Class/CDC/Src/usbd_cdc.o
 .text.USBD_CDC_DeInit
                0x0800680c       0x6e ./Middlewares/ST/STM32_USB_Device_Library/Class/CDC/Src/usbd_cdc.o
 .text.USBD_CDC_Setup
                0x0800687a      0x146 ./Middlewares/ST/STM32_USB_Device_Library/Class/CDC/Src/usbd_cdc.o
 .text.USBD_CDC_DataIn
                0x080069c0       0xa6 ./Middlewares/ST/STM32_USB_Device_Library/Class/CDC/Src/usbd_cdc.o
 .text.USBD_CDC_DataOut
                0x08006a66       0x56 ./Middlewares/ST/STM32_USB_Device_Library/Class/CDC/Src/usbd_cdc.o
 .text.USBD_CDC_EP0_RxReady
                0x08006abc       0x4e ./Middlewares/ST/STM32_USB_Device_Library/Class/CDC/Src/usbd_cdc.o
 *fill*         0x08006b0a        0x2 
 .text.USBD_CDC_GetFSCfgDesc
                0x08006b0c       0x20 ./Middlewares/ST/STM32_USB_Device_Library/Class/CDC/Src/usbd_cdc.o
 .text.USBD_CDC_GetHSCfgDesc
                0x08006b2c       0x20 ./Middlewares/ST/STM32_USB_Device_Library/Class/CDC/Src/usbd_cdc.o
 .text.USBD_CDC_GetOtherSpeedCfgDesc
                0x08006b4c       0x20 ./Middlewares/ST/STM32_USB_Device_Library/Class/CDC/Src/usbd_cdc.o
 .text.USBD_CDC_GetDeviceQualifierDescriptor
                0x08006b6c       0x20 ./Middlewares/ST/STM32_USB_Device_Library/Class/CDC/Src/usbd_cdc.o
                0x08006b6c                USBD_CDC_GetDeviceQualifierDescriptor
 .text.USBD_CDC_RegisterInterface
                0x08006b8c       0x2c ./Middlewares/ST/STM32_USB_Device_Library/Class/CDC/Src/usbd_cdc.o
                0x08006b8c                USBD_CDC_RegisterInterface
 .text.USBD_CDC_SetTxBuffer
                0x08006bb8       0x32 ./Middlewares/ST/STM32_USB_Device_Library/Class/CDC/Src/usbd_cdc.o
                0x08006bb8                USBD_CDC_SetTxBuffer
 .text.USBD_CDC_SetRxBuffer
                0x08006bea       0x26 ./Middlewares/ST/STM32_USB_Device_Library/Class/CDC/Src/usbd_cdc.o
                0x08006bea                USBD_CDC_SetRxBuffer
 .text.USBD_CDC_TransmitPacket
                0x08006c10       0x5e ./Middlewares/ST/STM32_USB_Device_Library/Class/CDC/Src/usbd_cdc.o
                0x08006c10                USBD_CDC_TransmitPacket
 .text.USBD_CDC_ReceivePacket
                0x08006c6e       0x54 ./Middlewares/ST/STM32_USB_Device_Library/Class/CDC/Src/usbd_cdc.o
                0x08006c6e                USBD_CDC_ReceivePacket
 .text.USBD_Init
                0x08006cc2       0x56 ./Middlewares/ST/STM32_USB_Device_Library/Core/Src/usbd_core.o
                0x08006cc2                USBD_Init
 .text.USBD_RegisterClass
                0x08006d18       0x32 ./Middlewares/ST/STM32_USB_Device_Library/Core/Src/usbd_core.o
                0x08006d18                USBD_RegisterClass
 .text.USBD_Start
                0x08006d4a       0x18 ./Middlewares/ST/STM32_USB_Device_Library/Core/Src/usbd_core.o
                0x08006d4a                USBD_Start
 .text.USBD_RunTestMode
                0x08006d62       0x14 ./Middlewares/ST/STM32_USB_Device_Library/Core/Src/usbd_core.o
                0x08006d62                USBD_RunTestMode
 .text.USBD_SetClassConfig
                0x08006d76       0x3e ./Middlewares/ST/STM32_USB_Device_Library/Core/Src/usbd_core.o
                0x08006d76                USBD_SetClassConfig
 .text.USBD_ClrClassConfig
                0x08006db4       0x26 ./Middlewares/ST/STM32_USB_Device_Library/Core/Src/usbd_core.o
                0x08006db4                USBD_ClrClassConfig
 .text.USBD_LL_SetupStage
                0x08006dda       0x9a ./Middlewares/ST/STM32_USB_Device_Library/Core/Src/usbd_core.o
                0x08006dda                USBD_LL_SetupStage
 .text.USBD_LL_DataOutStage
                0x08006e74       0xe2 ./Middlewares/ST/STM32_USB_Device_Library/Core/Src/usbd_core.o
                0x08006e74                USBD_LL_DataOutStage
 .text.USBD_LL_DataInStage
                0x08006f56      0x14a ./Middlewares/ST/STM32_USB_Device_Library/Core/Src/usbd_core.o
                0x08006f56                USBD_LL_DataInStage
 .text.USBD_LL_Reset
                0x080070a0       0x82 ./Middlewares/ST/STM32_USB_Device_Library/Core/Src/usbd_core.o
                0x080070a0                USBD_LL_Reset
 .text.USBD_LL_SetSpeed
                0x08007122       0x1e ./Middlewares/ST/STM32_USB_Device_Library/Core/Src/usbd_core.o
                0x08007122                USBD_LL_SetSpeed
 .text.USBD_LL_Suspend
                0x08007140       0x28 ./Middlewares/ST/STM32_USB_Device_Library/Core/Src/usbd_core.o
                0x08007140                USBD_LL_Suspend
 .text.USBD_LL_Resume
                0x08007168       0x2a ./Middlewares/ST/STM32_USB_Device_Library/Core/Src/usbd_core.o
                0x08007168                USBD_LL_Resume
 .text.USBD_LL_SOF
                0x08007192       0x34 ./Middlewares/ST/STM32_USB_Device_Library/Core/Src/usbd_core.o
                0x08007192                USBD_LL_SOF
 *fill*         0x080071c6        0x2 
 .text.USBD_StdDevReq
                0x080071c8       0xd4 ./Middlewares/ST/STM32_USB_Device_Library/Core/Src/usbd_ctlreq.o
                0x080071c8                USBD_StdDevReq
 .text.USBD_StdItfReq
                0x0800729c       0x90 ./Middlewares/ST/STM32_USB_Device_Library/Core/Src/usbd_ctlreq.o
                0x0800729c                USBD_StdItfReq
 .text.USBD_StdEPReq
                0x0800732c      0x2c6 ./Middlewares/ST/STM32_USB_Device_Library/Core/Src/usbd_ctlreq.o
                0x0800732c                USBD_StdEPReq
 *fill*         0x080075f2        0x2 
 .text.USBD_GetDescriptor
                0x080075f4      0x2d0 ./Middlewares/ST/STM32_USB_Device_Library/Core/Src/usbd_ctlreq.o
 .text.USBD_SetAddress
                0x080078c4       0x86 ./Middlewares/ST/STM32_USB_Device_Library/Core/Src/usbd_ctlreq.o
 *fill*         0x0800794a        0x2 
 .text.USBD_SetConfig
                0x0800794c      0x11c ./Middlewares/ST/STM32_USB_Device_Library/Core/Src/usbd_ctlreq.o
 .text.USBD_GetConfig
                0x08007a68       0x6a ./Middlewares/ST/STM32_USB_Device_Library/Core/Src/usbd_ctlreq.o
 .text.USBD_GetStatus
                0x08007ad2       0x66 ./Middlewares/ST/STM32_USB_Device_Library/Core/Src/usbd_ctlreq.o
 .text.USBD_SetFeature
                0x08007b38       0x28 ./Middlewares/ST/STM32_USB_Device_Library/Core/Src/usbd_ctlreq.o
 .text.USBD_ClrFeature
                0x08007b60       0x42 ./Middlewares/ST/STM32_USB_Device_Library/Core/Src/usbd_ctlreq.o
 .text.USBD_ParseSetupRequest
                0x08007ba2       0x72 ./Middlewares/ST/STM32_USB_Device_Library/Core/Src/usbd_ctlreq.o
                0x08007ba2                USBD_ParseSetupRequest
 .text.USBD_CtlError
                0x08007c14       0x22 ./Middlewares/ST/STM32_USB_Device_Library/Core/Src/usbd_ctlreq.o
                0x08007c14                USBD_CtlError
 .text.USBD_GetString
                0x08007c36       0x84 ./Middlewares/ST/STM32_USB_Device_Library/Core/Src/usbd_ctlreq.o
                0x08007c36                USBD_GetString
 .text.USBD_GetLen
                0x08007cba       0x2e ./Middlewares/ST/STM32_USB_Device_Library/Core/Src/usbd_ctlreq.o
 .text.USBD_CtlSendData
                0x08007ce8       0x38 ./Middlewares/ST/STM32_USB_Device_Library/Core/Src/usbd_ioreq.o
                0x08007ce8                USBD_CtlSendData
 .text.USBD_CtlContinueSendData
                0x08007d20       0x24 ./Middlewares/ST/STM32_USB_Device_Library/Core/Src/usbd_ioreq.o
                0x08007d20                USBD_CtlContinueSendData
 .text.USBD_CtlPrepareRx
                0x08007d44       0x3c ./Middlewares/ST/STM32_USB_Device_Library/Core/Src/usbd_ioreq.o
                0x08007d44                USBD_CtlPrepareRx
 .text.USBD_CtlContinueRx
                0x08007d80       0x24 ./Middlewares/ST/STM32_USB_Device_Library/Core/Src/usbd_ioreq.o
                0x08007d80                USBD_CtlContinueRx
 .text.USBD_CtlSendStatus
                0x08007da4       0x26 ./Middlewares/ST/STM32_USB_Device_Library/Core/Src/usbd_ioreq.o
                0x08007da4                USBD_CtlSendStatus
 .text.USBD_CtlReceiveStatus
                0x08007dca       0x26 ./Middlewares/ST/STM32_USB_Device_Library/Core/Src/usbd_ioreq.o
                0x08007dca                USBD_CtlReceiveStatus
 .text.MX_USB_DEVICE_Init
                0x08007df0       0x60 ./USB_DEVICE/App/usb_device.o
                0x08007df0                MX_USB_DEVICE_Init
 .text.CDC_Init_FS
                0x08007e50       0x28 ./USB_DEVICE/App/usbd_cdc_if.o
 .text.CDC_DeInit_FS
                0x08007e78        0xe ./USB_DEVICE/App/usbd_cdc_if.o
 *fill*         0x08007e86        0x2 
 .text.CDC_Control_FS
                0x08007e88       0xe4 ./USB_DEVICE/App/usbd_cdc_if.o
 .text.CDC_Receive_FS
                0x08007f6c       0x34 ./USB_DEVICE/App/usbd_cdc_if.o
 .text.CDC_Transmit_FS
                0x08007fa0       0x4c ./USB_DEVICE/App/usbd_cdc_if.o
                0x08007fa0                CDC_Transmit_FS
 .text.USBD_FS_DeviceDescriptor
                0x08007fec       0x24 ./USB_DEVICE/App/usbd_desc.o
                0x08007fec                USBD_FS_DeviceDescriptor
 .text.USBD_FS_LangIDStrDescriptor
                0x08008010       0x24 ./USB_DEVICE/App/usbd_desc.o
                0x08008010                USBD_FS_LangIDStrDescriptor
 .text.USBD_FS_ProductStrDescriptor
                0x08008034       0x3c ./USB_DEVICE/App/usbd_desc.o
                0x08008034                USBD_FS_ProductStrDescriptor
 .text.USBD_FS_ManufacturerStrDescriptor
                0x08008070       0x28 ./USB_DEVICE/App/usbd_desc.o
                0x08008070                USBD_FS_ManufacturerStrDescriptor
 .text.USBD_FS_SerialStrDescriptor
                0x08008098       0x24 ./USB_DEVICE/App/usbd_desc.o
                0x08008098                USBD_FS_SerialStrDescriptor
 .text.USBD_FS_ConfigStrDescriptor
                0x080080bc       0x3c ./USB_DEVICE/App/usbd_desc.o
                0x080080bc                USBD_FS_ConfigStrDescriptor
 .text.USBD_FS_InterfaceStrDescriptor
                0x080080f8       0x3c ./USB_DEVICE/App/usbd_desc.o
                0x080080f8                USBD_FS_InterfaceStrDescriptor
 .text.Get_SerialNum
                0x08008134       0x58 ./USB_DEVICE/App/usbd_desc.o
 .text.IntToUnicode
                0x0800818c       0x7c ./USB_DEVICE/App/usbd_desc.o
 .text.HAL_PCD_MspInit
                0x08008208       0x4c ./USB_DEVICE/Target/usbd_conf.o
                0x08008208                HAL_PCD_MspInit
 .text.HAL_PCD_SetupStageCallback
                0x08008254       0x24 ./USB_DEVICE/Target/usbd_conf.o
                0x08008254                HAL_PCD_SetupStageCallback
 .text.HAL_PCD_DataOutStageCallback
                0x08008278       0x36 ./USB_DEVICE/Target/usbd_conf.o
                0x08008278                HAL_PCD_DataOutStageCallback
 .text.HAL_PCD_DataInStageCallback
                0x080082ae       0x34 ./USB_DEVICE/Target/usbd_conf.o
                0x080082ae                HAL_PCD_DataInStageCallback
 .text.HAL_PCD_SOFCallback
                0x080082e2       0x1c ./USB_DEVICE/Target/usbd_conf.o
                0x080082e2                HAL_PCD_SOFCallback
 .text.HAL_PCD_ResetCallback
                0x080082fe       0x3c ./USB_DEVICE/Target/usbd_conf.o
                0x080082fe                HAL_PCD_ResetCallback
 *fill*         0x0800833a        0x2 
 .text.HAL_PCD_SuspendCallback
                0x0800833c       0x34 ./USB_DEVICE/Target/usbd_conf.o
                0x0800833c                HAL_PCD_SuspendCallback
 .text.HAL_PCD_ResumeCallback
                0x08008370       0x1c ./USB_DEVICE/Target/usbd_conf.o
                0x08008370                HAL_PCD_ResumeCallback
 .text.USBD_LL_Init
                0x0800838c       0xb4 ./USB_DEVICE/Target/usbd_conf.o
                0x0800838c                USBD_LL_Init
 .text.USBD_LL_Start
                0x08008440       0x36 ./USB_DEVICE/Target/usbd_conf.o
                0x08008440                USBD_LL_Start
 .text.USBD_LL_OpenEP
                0x08008476       0x4c ./USB_DEVICE/Target/usbd_conf.o
                0x08008476                USBD_LL_OpenEP
 .text.USBD_LL_CloseEP
                0x080084c2       0x3e ./USB_DEVICE/Target/usbd_conf.o
                0x080084c2                USBD_LL_CloseEP
 .text.USBD_LL_StallEP
                0x08008500       0x3e ./USB_DEVICE/Target/usbd_conf.o
                0x08008500                USBD_LL_StallEP
 .text.USBD_LL_ClearStallEP
                0x0800853e       0x3e ./USB_DEVICE/Target/usbd_conf.o
                0x0800853e                USBD_LL_ClearStallEP
 .text.USBD_LL_IsStallEP
                0x0800857c       0x56 ./USB_DEVICE/Target/usbd_conf.o
                0x0800857c                USBD_LL_IsStallEP
 .text.USBD_LL_SetUSBAddress
                0x080085d2       0x3e ./USB_DEVICE/Target/usbd_conf.o
                0x080085d2                USBD_LL_SetUSBAddress
 .text.USBD_LL_Transmit
                0x08008610       0x46 ./USB_DEVICE/Target/usbd_conf.o
                0x08008610                USBD_LL_Transmit
 .text.USBD_LL_PrepareReceive
                0x08008656       0x46 ./USB_DEVICE/Target/usbd_conf.o
                0x08008656                USBD_LL_PrepareReceive
 .text.USBD_LL_GetRxDataSize
                0x0800869c       0x26 ./USB_DEVICE/Target/usbd_conf.o
                0x0800869c                USBD_LL_GetRxDataSize
 *fill*         0x080086c2        0x2 
 .text.USBD_static_malloc
                0x080086c4       0x18 ./USB_DEVICE/Target/usbd_conf.o
                0x080086c4                USBD_static_malloc
 .text.USBD_static_free
                0x080086dc       0x12 ./USB_DEVICE/Target/usbd_conf.o
                0x080086dc                USBD_static_free
 .text.HAL_PCDEx_SetConnectionState
                0x080086ee       0x16 ./USB_DEVICE/Target/usbd_conf.o
                0x080086ee                HAL_PCDEx_SetConnectionState
 .text.USBD_Get_USB_Status
                0x08008704       0x58 ./USB_DEVICE/Target/usbd_conf.o
 .text.memset   0x0800875c       0x10 C:/ST/STM32CubeIDE_1.16.1/STM32CubeIDE/plugins/com.st.stm32cube.ide.mcu.externaltools.gnu-tools-for-stm32.13.3.rel1.win32_1.0.0.202411081344/tools/bin/../lib/gcc/arm-none-eabi/13.3.1/../../../../arm-none-eabi/lib/thumb/v7-m/nofp\libc_nano.a(libc_a-memset.o)
                0x0800875c                memset
 .text.__libc_init_array
                0x0800876c       0x48 C:/ST/STM32CubeIDE_1.16.1/STM32CubeIDE/plugins/com.st.stm32cube.ide.mcu.externaltools.gnu-tools-for-stm32.13.3.rel1.win32_1.0.0.202411081344/tools/bin/../lib/gcc/arm-none-eabi/13.3.1/../../../../arm-none-eabi/lib/thumb/v7-m/nofp\libc_nano.a(libc_a-init.o)
                0x0800876c                __libc_init_array
 .text.memcpy   0x080087b4       0x1c C:/ST/STM32CubeIDE_1.16.1/STM32CubeIDE/plugins/com.st.stm32cube.ide.mcu.externaltools.gnu-tools-for-stm32.13.3.rel1.win32_1.0.0.202411081344/tools/bin/../lib/gcc/arm-none-eabi/13.3.1/../../../../arm-none-eabi/lib/thumb/v7-m/nofp\libc_nano.a(libc_a-memcpy-stub.o)
                0x080087b4                memcpy
 *(.glue_7)
 .glue_7        0x080087d0        0x0 linker stubs
 *(.glue_7t)
 .glue_7t       0x080087d0        0x0 linker stubs
 *(.eh_frame)
 .eh_frame      0x080087d0        0x0 C:/ST/STM32CubeIDE_1.16.1/STM32CubeIDE/plugins/com.st.stm32cube.ide.mcu.externaltools.gnu-tools-for-stm32.13.3.rel1.win32_1.0.0.202411081344/tools/bin/../lib/gcc/arm-none-eabi/13.3.1/thumb/v7-m/nofp/crtbegin.o
 *(.init)
 .init          0x080087d0        0x4 C:/ST/STM32CubeIDE_1.16.1/STM32CubeIDE/plugins/com.st.stm32cube.ide.mcu.externaltools.gnu-tools-for-stm32.13.3.rel1.win32_1.0.0.202411081344/tools/bin/../lib/gcc/arm-none-eabi/13.3.1/thumb/v7-m/nofp/crti.o
                0x080087d0                _init
 .init          0x080087d4        0x8 C:/ST/STM32CubeIDE_1.16.1/STM32CubeIDE/plugins/com.st.stm32cube.ide.mcu.externaltools.gnu-tools-for-stm32.13.3.rel1.win32_1.0.0.202411081344/tools/bin/../lib/gcc/arm-none-eabi/13.3.1/thumb/v7-m/nofp/crtn.o
 *(.fini)
 .fini          0x080087dc        0x4 C:/ST/STM32CubeIDE_1.16.1/STM32CubeIDE/plugins/com.st.stm32cube.ide.mcu.externaltools.gnu-tools-for-stm32.13.3.rel1.win32_1.0.0.202411081344/tools/bin/../lib/gcc/arm-none-eabi/13.3.1/thumb/v7-m/nofp/crti.o
                0x080087dc                _fini
 .fini          0x080087e0        0x8 C:/ST/STM32CubeIDE_1.16.1/STM32CubeIDE/plugins/com.st.stm32cube.ide.mcu.externaltools.gnu-tools-for-stm32.13.3.rel1.win32_1.0.0.202411081344/tools/bin/../lib/gcc/arm-none-eabi/13.3.1/thumb/v7-m/nofp/crtn.o
                0x080087e8                        . = ALIGN (0x4)
                0x080087e8                        _etext = .

.vfp11_veneer   0x080087e8        0x0
 .vfp11_veneer  0x080087e8        0x0 linker stubs

.v4_bx          0x080087e8        0x0
 .v4_bx         0x080087e8        0x0 linker stubs

.iplt           0x080087e8        0x0
 .iplt          0x080087e8        0x0 C:/ST/STM32CubeIDE_1.16.1/STM32CubeIDE/plugins/com.st.stm32cube.ide.mcu.externaltools.gnu-tools-for-stm32.13.3.rel1.win32_1.0.0.202411081344/tools/bin/../lib/gcc/arm-none-eabi/13.3.1/thumb/v7-m/nofp/crtbegin.o

.rodata         0x080087e8       0x6c
                0x080087e8                        . = ALIGN (0x4)
 *(.rodata)
 .rodata        0x080087e8       0x46 ./USB_DEVICE/App/usbd_desc.o
 *(.rodata*)
 *fill*         0x0800882e        0x2 
 .rodata.AHBPrescTable
                0x08008830       0x10 ./Core/Src/system_stm32f1xx.o
                0x08008830                AHBPrescTable
 .rodata.aPLLMULFactorTable.1
                0x08008840       0x10 ./Drivers/STM32F1xx_HAL_Driver/Src/stm32f1xx_hal_rcc.o
 .rodata.aPredivFactorTable.0
                0x08008850        0x2 ./Drivers/STM32F1xx_HAL_Driver/Src/stm32f1xx_hal_rcc.o
                0x08008854                        . = ALIGN (0x4)
 *fill*         0x08008852        0x2 

.ARM.extab      0x08008854        0x0
                0x08008854                        . = ALIGN (0x4)
 *(.ARM.extab* .gnu.linkonce.armextab.*)
                0x08008854                        . = ALIGN (0x4)

.ARM            0x08008854        0x0
                0x08008854                        . = ALIGN (0x4)
                0x08008854                        __exidx_start = .
 *(.ARM.exidx*)
                0x08008854                        __exidx_end = .
                0x08008854                        . = ALIGN (0x4)

.preinit_array  0x08008854        0x0
                0x08008854                        . = ALIGN (0x4)
                0x08008854                        PROVIDE (__preinit_array_start = .)
 *(.preinit_array*)
                0x08008854                        PROVIDE (__preinit_array_end = .)
                0x08008854                        . = ALIGN (0x4)

.init_array     0x08008854        0x4
                0x08008854                        . = ALIGN (0x4)
                0x08008854                        PROVIDE (__init_array_start = .)
 *(SORT_BY_NAME(.init_array.*))
 *(.init_array*)
 .init_array    0x08008854        0x4 C:/ST/STM32CubeIDE_1.16.1/STM32CubeIDE/plugins/com.st.stm32cube.ide.mcu.externaltools.gnu-tools-for-stm32.13.3.rel1.win32_1.0.0.202411081344/tools/bin/../lib/gcc/arm-none-eabi/13.3.1/thumb/v7-m/nofp/crtbegin.o
                0x08008858                        PROVIDE (__init_array_end = .)
                0x08008858                        . = ALIGN (0x4)

.fini_array     0x08008858        0x4
                0x08008858                        . = ALIGN (0x4)
                [!provide]                        PROVIDE (__fini_array_start = .)
 *(SORT_BY_NAME(.fini_array.*))
 *(.fini_array*)
 .fini_array    0x08008858        0x4 C:/ST/STM32CubeIDE_1.16.1/STM32CubeIDE/plugins/com.st.stm32cube.ide.mcu.externaltools.gnu-tools-for-stm32.13.3.rel1.win32_1.0.0.202411081344/tools/bin/../lib/gcc/arm-none-eabi/13.3.1/thumb/v7-m/nofp/crtbegin.o
                [!provide]                        PROVIDE (__fini_array_end = .)
                0x0800885c                        . = ALIGN (0x4)
                0x0800885c                        _sidata = LOADADDR (.data)

.rel.dyn        0x0800885c        0x0
 .rel.iplt      0x0800885c        0x0 C:/ST/STM32CubeIDE_1.16.1/STM32CubeIDE/plugins/com.st.stm32cube.ide.mcu.externaltools.gnu-tools-for-stm32.13.3.rel1.win32_1.0.0.202411081344/tools/bin/../lib/gcc/arm-none-eabi/13.3.1/thumb/v7-m/nofp/crtbegin.o

.data           0x20000000      0x184 load address 0x0800885c
                0x20000000                        . = ALIGN (0x4)
                0x20000000                        _sdata = .
 *(.data)
 *(.data*)
 .data.SystemCoreClock
                0x20000000        0x4 ./Core/Src/system_stm32f1xx.o
                0x20000000                SystemCoreClock
 .data.uart_cmd
                0x20000004        0x4 ./Core/Src/uart.o
                0x20000004                uart_cmd
 .data.uart_respon
                0x20000008        0x4 ./Core/Src/uart.o
                0x20000008                uart_respon
 .data.uwTickPrio
                0x2000000c        0x4 ./Drivers/STM32F1xx_HAL_Driver/Src/stm32f1xx_hal.o
                0x2000000c                uwTickPrio
 .data.uwTickFreq
                0x20000010        0x1 ./Drivers/STM32F1xx_HAL_Driver/Src/stm32f1xx_hal.o
                0x20000010                uwTickFreq
 *fill*         0x20000011        0x3 
 .data.USBD_CDC_DeviceQualifierDesc
                0x20000014        0xa ./Middlewares/ST/STM32_USB_Device_Library/Class/CDC/Src/usbd_cdc.o
 *fill*         0x2000001e        0x2 
 .data.USBD_CDC
                0x20000020       0x38 ./Middlewares/ST/STM32_USB_Device_Library/Class/CDC/Src/usbd_cdc.o
                0x20000020                USBD_CDC
 .data.USBD_CDC_CfgHSDesc
                0x20000058       0x43 ./Middlewares/ST/STM32_USB_Device_Library/Class/CDC/Src/usbd_cdc.o
                0x20000058                USBD_CDC_CfgHSDesc
 *fill*         0x2000009b        0x1 
 .data.USBD_CDC_CfgFSDesc
                0x2000009c       0x43 ./Middlewares/ST/STM32_USB_Device_Library/Class/CDC/Src/usbd_cdc.o
                0x2000009c                USBD_CDC_CfgFSDesc
 *fill*         0x200000df        0x1 
 .data.USBD_CDC_OtherSpeedCfgDesc
                0x200000e0       0x43 ./Middlewares/ST/STM32_USB_Device_Library/Class/CDC/Src/usbd_cdc.o
                0x200000e0                USBD_CDC_OtherSpeedCfgDesc
 *fill*         0x20000123        0x1 
 .data.USBD_Interface_fops_FS
                0x20000124       0x10 ./USB_DEVICE/App/usbd_cdc_if.o
                0x20000124                USBD_Interface_fops_FS
 .data.FS_Desc  0x20000134       0x1c ./USB_DEVICE/App/usbd_desc.o
                0x20000134                FS_Desc
 .data.USBD_FS_DeviceDesc
                0x20000150       0x12 ./USB_DEVICE/App/usbd_desc.o
                0x20000150                USBD_FS_DeviceDesc
 *fill*         0x20000162        0x2 
 .data.USBD_LangIDDesc
                0x20000164        0x4 ./USB_DEVICE/App/usbd_desc.o
                0x20000164                USBD_LangIDDesc
 .data.USBD_StringSerial
                0x20000168       0x1a ./USB_DEVICE/App/usbd_desc.o
                0x20000168                USBD_StringSerial
 *(.RamFunc)
 *(.RamFunc*)
                0x20000184                        . = ALIGN (0x4)
 *fill*         0x20000182        0x2 
                0x20000184                        _edata = .

.igot.plt       0x20000184        0x0 load address 0x080089e0
 .igot.plt      0x20000184        0x0 C:/ST/STM32CubeIDE_1.16.1/STM32CubeIDE/plugins/com.st.stm32cube.ide.mcu.externaltools.gnu-tools-for-stm32.13.3.rel1.win32_1.0.0.202411081344/tools/bin/../lib/gcc/arm-none-eabi/13.3.1/thumb/v7-m/nofp/crtbegin.o
                0x20000184                        . = ALIGN (0x4)

.bss            0x20000184     0x3ce0 load address 0x080089e0
                0x20000184                        _sbss = .
                0x20000184                        __bss_start__ = _sbss
 *(.bss)
 .bss           0x20000184       0x1c C:/ST/STM32CubeIDE_1.16.1/STM32CubeIDE/plugins/com.st.stm32cube.ide.mcu.externaltools.gnu-tools-for-stm32.13.3.rel1.win32_1.0.0.202411081344/tools/bin/../lib/gcc/arm-none-eabi/13.3.1/thumb/v7-m/nofp/crtbegin.o
 *(.bss*)
 .bss.cmdBuf_p  0x200001a0        0x2 ./Core/Src/uart.o
                0x200001a0                cmdBuf_p
 *fill*         0x200001a2        0x2 
 .bss.cmdBuf    0x200001a4     0x157c ./Core/Src/uart.o
                0x200001a4                cmdBuf
 .bss.responBuf
                0x20001720     0x157c ./Core/Src/uart.o
                0x20001720                responBuf
 .bss.busy      0x20002c9c        0x1 ./Core/Src/uart.o
                0x20002c9c                busy
 .bss.currentRts.1
                0x20002c9d        0x1 ./Core/Src/uart.o
 .bss.currentDtr.0
                0x20002c9e        0x1 ./Core/Src/uart.o
 *fill*         0x20002c9f        0x1 
 .bss.uwTick    0x20002ca0        0x4 ./Drivers/STM32F1xx_HAL_Driver/Src/stm32f1xx_hal.o
                0x20002ca0                uwTick
 .bss.cfgidx.0  0x20002ca4        0x1 ./Middlewares/ST/STM32_USB_Device_Library/Core/Src/usbd_ctlreq.o
 *fill*         0x20002ca5        0x3 
 .bss.hUsbDeviceFS
                0x20002ca8      0x2c4 ./USB_DEVICE/App/usb_device.o
                0x20002ca8                hUsbDeviceFS
 .bss.UserRxBufferFS
                0x20002f6c      0x400 ./USB_DEVICE/App/usbd_cdc_if.o
                0x20002f6c                UserRxBufferFS
 .bss.UserTxBufferFS
                0x2000336c      0x400 ./USB_DEVICE/App/usbd_cdc_if.o
                0x2000336c                UserTxBufferFS
 .bss.USBD_StrDesc
                0x2000376c      0x200 ./USB_DEVICE/App/usbd_desc.o
                0x2000376c                USBD_StrDesc
 .bss.hpcd_USB_FS
                0x2000396c      0x2d8 ./USB_DEVICE/Target/usbd_conf.o
                0x2000396c                hpcd_USB_FS
 .bss.mem.0     0x20003c44      0x220 ./USB_DEVICE/Target/usbd_conf.o
 *(COMMON)
                0x20003e64                        . = ALIGN (0x4)
                0x20003e64                        _ebss = .
                0x20003e64                        __bss_end__ = _ebss

._user_heap_stack
                0x20003e64      0x604 load address 0x080089e0
                0x20003e68                        . = ALIGN (0x8)
 *fill*         0x20003e64        0x4 
                [!provide]                        PROVIDE (end = .)
                0x20003e68                        PROVIDE (_end = .)
                0x20004068                        . = (. + _Min_Heap_Size)
 *fill*         0x20003e68      0x200 
                0x20004468                        . = (. + _Min_Stack_Size)
 *fill*         0x20004068      0x400 
                0x20004468                        . = ALIGN (0x8)

/DISCARD/
 libc.a(*)
 libm.a(*)
 libgcc.a(*)

.ARM.attributes
                0x00000000       0x29
 *(.ARM.attributes)
 .ARM.attributes
                0x00000000       0x1d C:/ST/STM32CubeIDE_1.16.1/STM32CubeIDE/plugins/com.st.stm32cube.ide.mcu.externaltools.gnu-tools-for-stm32.13.3.rel1.win32_1.0.0.202411081344/tools/bin/../lib/gcc/arm-none-eabi/13.3.1/thumb/v7-m/nofp/crti.o
 .ARM.attributes
                0x0000001d       0x2d C:/ST/STM32CubeIDE_1.16.1/STM32CubeIDE/plugins/com.st.stm32cube.ide.mcu.externaltools.gnu-tools-for-stm32.13.3.rel1.win32_1.0.0.202411081344/tools/bin/../lib/gcc/arm-none-eabi/13.3.1/thumb/v7-m/nofp/crtbegin.o
 .ARM.attributes
                0x0000004a       0x2d ./Core/Src/cart_adapter.o
 .ARM.attributes
                0x00000077       0x2d ./Core/Src/main.o
 .ARM.attributes
                0x000000a4       0x2d ./Core/Src/stm32f1xx_hal_msp.o
 .ARM.attributes
                0x000000d1       0x2d ./Core/Src/stm32f1xx_it.o
 .ARM.attributes
                0x000000fe       0x2d ./Core/Src/system_stm32f1xx.o
 .ARM.attributes
                0x0000012b       0x2d ./Core/Src/uart.o
 .ARM.attributes
                0x00000158       0x21 ./Core/Startup/startup_stm32f103c8tx.o
 .ARM.attributes
                0x00000179       0x2d ./Drivers/STM32F1xx_HAL_Driver/Src/stm32f1xx_hal.o
 .ARM.attributes
                0x000001a6       0x2d ./Drivers/STM32F1xx_HAL_Driver/Src/stm32f1xx_hal_cortex.o
 .ARM.attributes
                0x000001d3       0x2d ./Drivers/STM32F1xx_HAL_Driver/Src/stm32f1xx_hal_gpio.o
 .ARM.attributes
                0x00000200       0x2d ./Drivers/STM32F1xx_HAL_Driver/Src/stm32f1xx_hal_pcd.o
 .ARM.attributes
                0x0000022d       0x2d ./Drivers/STM32F1xx_HAL_Driver/Src/stm32f1xx_hal_pcd_ex.o
 .ARM.attributes
                0x0000025a       0x2d ./Drivers/STM32F1xx_HAL_Driver/Src/stm32f1xx_hal_rcc.o
 .ARM.attributes
                0x00000287       0x2d ./Drivers/STM32F1xx_HAL_Driver/Src/stm32f1xx_hal_rcc_ex.o
 .ARM.attributes
                0x000002b4       0x2d ./Drivers/STM32F1xx_HAL_Driver/Src/stm32f1xx_ll_usb.o
 .ARM.attributes
                0x000002e1       0x2d ./Middlewares/ST/STM32_USB_Device_Library/Class/CDC/Src/usbd_cdc.o
 .ARM.attributes
                0x0000030e       0x2d ./Middlewares/ST/STM32_USB_Device_Library/Core/Src/usbd_core.o
 .ARM.attributes
                0x0000033b       0x2d ./Middlewares/ST/STM32_USB_Device_Library/Core/Src/usbd_ctlreq.o
 .ARM.attributes
                0x00000368       0x2d ./Middlewares/ST/STM32_USB_Device_Library/Core/Src/usbd_ioreq.o
 .ARM.attributes
                0x00000395       0x2d ./USB_DEVICE/App/usb_device.o
 .ARM.attributes
                0x000003c2       0x2d ./USB_DEVICE/App/usbd_cdc_if.o
 .ARM.attributes
                0x000003ef       0x2d ./USB_DEVICE/App/usbd_desc.o
 .ARM.attributes
                0x0000041c       0x2d ./USB_DEVICE/Target/usbd_conf.o
 .ARM.attributes
                0x00000449       0x2d C:/ST/STM32CubeIDE_1.16.1/STM32CubeIDE/plugins/com.st.stm32cube.ide.mcu.externaltools.gnu-tools-for-stm32.13.3.rel1.win32_1.0.0.202411081344/tools/bin/../lib/gcc/arm-none-eabi/13.3.1/../../../../arm-none-eabi/lib/thumb/v7-m/nofp\libc_nano.a(libc_a-memset.o)
 .ARM.attributes
                0x00000476       0x2d C:/ST/STM32CubeIDE_1.16.1/STM32CubeIDE/plugins/com.st.stm32cube.ide.mcu.externaltools.gnu-tools-for-stm32.13.3.rel1.win32_1.0.0.202411081344/tools/bin/../lib/gcc/arm-none-eabi/13.3.1/../../../../arm-none-eabi/lib/thumb/v7-m/nofp\libc_nano.a(libc_a-init.o)
 .ARM.attributes
                0x000004a3       0x2d C:/ST/STM32CubeIDE_1.16.1/STM32CubeIDE/plugins/com.st.stm32cube.ide.mcu.externaltools.gnu-tools-for-stm32.13.3.rel1.win32_1.0.0.202411081344/tools/bin/../lib/gcc/arm-none-eabi/13.3.1/../../../../arm-none-eabi/lib/thumb/v7-m/nofp\libc_nano.a(libc_a-memcpy-stub.o)
 .ARM.attributes
                0x000004d0       0x1d C:/ST/STM32CubeIDE_1.16.1/STM32CubeIDE/plugins/com.st.stm32cube.ide.mcu.externaltools.gnu-tools-for-stm32.13.3.rel1.win32_1.0.0.202411081344/tools/bin/../lib/gcc/arm-none-eabi/13.3.1/thumb/v7-m/nofp/crtn.o
OUTPUT(chis_flash_burner.elf elf32-littlearm)
LOAD linker stubs
LOAD C:/ST/STM32CubeIDE_1.16.1/STM32CubeIDE/plugins/com.st.stm32cube.ide.mcu.externaltools.gnu-tools-for-stm32.13.3.rel1.win32_1.0.0.202411081344/tools/bin/../lib/gcc/arm-none-eabi/13.3.1/../../../../arm-none-eabi/lib/thumb/v7-m/nofp\libc.a
LOAD C:/ST/STM32CubeIDE_1.16.1/STM32CubeIDE/plugins/com.st.stm32cube.ide.mcu.externaltools.gnu-tools-for-stm32.13.3.rel1.win32_1.0.0.202411081344/tools/bin/../lib/gcc/arm-none-eabi/13.3.1/../../../../arm-none-eabi/lib/thumb/v7-m/nofp\libm.a
LOAD C:/ST/STM32CubeIDE_1.16.1/STM32CubeIDE/plugins/com.st.stm32cube.ide.mcu.externaltools.gnu-tools-for-stm32.13.3.rel1.win32_1.0.0.202411081344/tools/bin/../lib/gcc/arm-none-eabi/13.3.1/thumb/v7-m/nofp\libgcc.a

.debug_info     0x00000000     0xd35e
 .debug_info    0x00000000      0x3f2 ./Core/Src/cart_adapter.o
 .debug_info    0x000003f2      0x573 ./Core/Src/main.o
 .debug_info    0x00000965      0x1f1 ./Core/Src/stm32f1xx_hal_msp.o
 .debug_info    0x00000b56      0x602 ./Core/Src/stm32f1xx_it.o
 .debug_info    0x00001158      0x222 ./Core/Src/system_stm32f1xx.o
 .debug_info    0x0000137a     0x1217 ./Core/Src/uart.o
 .debug_info    0x00002591       0x30 ./Core/Startup/startup_stm32f103c8tx.o
 .debug_info    0x000025c1      0x704 ./Drivers/STM32F1xx_HAL_Driver/Src/stm32f1xx_hal.o
 .debug_info    0x00002cc5      0xa87 ./Drivers/STM32F1xx_HAL_Driver/Src/stm32f1xx_hal_cortex.o
 .debug_info    0x0000374c      0x5ab ./Drivers/STM32F1xx_HAL_Driver/Src/stm32f1xx_hal_gpio.o
 .debug_info    0x00003cf7     0x16dc ./Drivers/STM32F1xx_HAL_Driver/Src/stm32f1xx_hal_pcd.o
 .debug_info    0x000053d3      0x6c3 ./Drivers/STM32F1xx_HAL_Driver/Src/stm32f1xx_hal_pcd_ex.o
 .debug_info    0x00005a96      0x7d5 ./Drivers/STM32F1xx_HAL_Driver/Src/stm32f1xx_hal_rcc.o
 .debug_info    0x0000626b      0x3c0 ./Drivers/STM32F1xx_HAL_Driver/Src/stm32f1xx_hal_rcc_ex.o
 .debug_info    0x0000662b     0x17ae ./Drivers/STM32F1xx_HAL_Driver/Src/stm32f1xx_ll_usb.o
 .debug_info    0x00007dd9     0x1043 ./Middlewares/ST/STM32_USB_Device_Library/Class/CDC/Src/usbd_cdc.o
 .debug_info    0x00008e1c      0xa52 ./Middlewares/ST/STM32_USB_Device_Library/Core/Src/usbd_core.o
 .debug_info    0x0000986e      0x91c ./Middlewares/ST/STM32_USB_Device_Library/Core/Src/usbd_ctlreq.o
 .debug_info    0x0000a18a      0x6a0 ./Middlewares/ST/STM32_USB_Device_Library/Core/Src/usbd_ioreq.o
 .debug_info    0x0000a82a      0x63d ./USB_DEVICE/App/usb_device.o
 .debug_info    0x0000ae67      0x849 ./USB_DEVICE/App/usbd_cdc_if.o
 .debug_info    0x0000b6b0      0x44a ./USB_DEVICE/App/usbd_desc.o
 .debug_info    0x0000bafa     0x1864 ./USB_DEVICE/Target/usbd_conf.o

.debug_abbrev   0x00000000     0x2dca
 .debug_abbrev  0x00000000      0x13d ./Core/Src/cart_adapter.o
 .debug_abbrev  0x0000013d      0x209 ./Core/Src/main.o
 .debug_abbrev  0x00000346       0xdb ./Core/Src/stm32f1xx_hal_msp.o
 .debug_abbrev  0x00000421      0x192 ./Core/Src/stm32f1xx_it.o
 .debug_abbrev  0x000005b3      0x13f ./Core/Src/system_stm32f1xx.o
 .debug_abbrev  0x000006f2      0x31c ./Core/Src/uart.o
 .debug_abbrev  0x00000a0e       0x24 ./Core/Startup/startup_stm32f103c8tx.o
 .debug_abbrev  0x00000a32      0x201 ./Drivers/STM32F1xx_HAL_Driver/Src/stm32f1xx_hal.o
 .debug_abbrev  0x00000c33      0x2f8 ./Drivers/STM32F1xx_HAL_Driver/Src/stm32f1xx_hal_cortex.o
 .debug_abbrev  0x00000f2b      0x1ca ./Drivers/STM32F1xx_HAL_Driver/Src/stm32f1xx_hal_gpio.o
 .debug_abbrev  0x000010f5      0x2d6 ./Drivers/STM32F1xx_HAL_Driver/Src/stm32f1xx_hal_pcd.o
 .debug_abbrev  0x000013cb      0x189 ./Drivers/STM32F1xx_HAL_Driver/Src/stm32f1xx_hal_pcd_ex.o
 .debug_abbrev  0x00001554      0x2b3 ./Drivers/STM32F1xx_HAL_Driver/Src/stm32f1xx_hal_rcc.o
 .debug_abbrev  0x00001807      0x188 ./Drivers/STM32F1xx_HAL_Driver/Src/stm32f1xx_hal_rcc_ex.o
 .debug_abbrev  0x0000198f      0x1de ./Drivers/STM32F1xx_HAL_Driver/Src/stm32f1xx_ll_usb.o
 .debug_abbrev  0x00001b6d      0x2d3 ./Middlewares/ST/STM32_USB_Device_Library/Class/CDC/Src/usbd_cdc.o
 .debug_abbrev  0x00001e40      0x24a ./Middlewares/ST/STM32_USB_Device_Library/Core/Src/usbd_core.o
 .debug_abbrev  0x0000208a      0x26b ./Middlewares/ST/STM32_USB_Device_Library/Core/Src/usbd_ctlreq.o
 .debug_abbrev  0x000022f5      0x192 ./Middlewares/ST/STM32_USB_Device_Library/Core/Src/usbd_ioreq.o
 .debug_abbrev  0x00002487      0x18d ./USB_DEVICE/App/usb_device.o
 .debug_abbrev  0x00002614      0x2a1 ./USB_DEVICE/App/usbd_cdc_if.o
 .debug_abbrev  0x000028b5      0x1ff ./USB_DEVICE/App/usbd_desc.o
 .debug_abbrev  0x00002ab4      0x316 ./USB_DEVICE/Target/usbd_conf.o

.debug_aranges  0x00000000      0xbc8
 .debug_aranges
                0x00000000       0x78 ./Core/Src/cart_adapter.o
 .debug_aranges
                0x00000078       0x38 ./Core/Src/main.o
 .debug_aranges
                0x000000b0       0x20 ./Core/Src/stm32f1xx_hal_msp.o
 .debug_aranges
                0x000000d0       0x68 ./Core/Src/stm32f1xx_it.o
 .debug_aranges
                0x00000138       0x28 ./Core/Src/system_stm32f1xx.o
 .debug_aranges
                0x00000160       0xe0 ./Core/Src/uart.o
 .debug_aranges
                0x00000240       0x28 ./Core/Startup/startup_stm32f103c8tx.o
 .debug_aranges
                0x00000268       0xe0 ./Drivers/STM32F1xx_HAL_Driver/Src/stm32f1xx_hal.o
 .debug_aranges
                0x00000348      0x100 ./Drivers/STM32F1xx_HAL_Driver/Src/stm32f1xx_hal_cortex.o
 .debug_aranges
                0x00000448       0x58 ./Drivers/STM32F1xx_HAL_Driver/Src/stm32f1xx_hal_gpio.o
 .debug_aranges
                0x000004a0      0x140 ./Drivers/STM32F1xx_HAL_Driver/Src/stm32f1xx_hal_pcd.o
 .debug_aranges
                0x000005e0       0x38 ./Drivers/STM32F1xx_HAL_Driver/Src/stm32f1xx_hal_pcd_ex.o
 .debug_aranges
                0x00000618       0x90 ./Drivers/STM32F1xx_HAL_Driver/Src/stm32f1xx_hal_rcc.o
 .debug_aranges
                0x000006a8       0x30 ./Drivers/STM32F1xx_HAL_Driver/Src/stm32f1xx_hal_rcc_ex.o
 .debug_aranges
                0x000006d8       0xf8 ./Drivers/STM32F1xx_HAL_Driver/Src/stm32f1xx_ll_usb.o
 .debug_aranges
                0x000007d0       0x90 ./Middlewares/ST/STM32_USB_Device_Library/Class/CDC/Src/usbd_cdc.o
 .debug_aranges
                0x00000860       0xb8 ./Middlewares/ST/STM32_USB_Device_Library/Core/Src/usbd_core.o
 .debug_aranges
                0x00000918       0x88 ./Middlewares/ST/STM32_USB_Device_Library/Core/Src/usbd_ctlreq.o
 .debug_aranges
                0x000009a0       0x50 ./Middlewares/ST/STM32_USB_Device_Library/Core/Src/usbd_ioreq.o
 .debug_aranges
                0x000009f0       0x20 ./USB_DEVICE/App/usb_device.o
 .debug_aranges
                0x00000a10       0x40 ./USB_DEVICE/App/usbd_cdc_if.o
 .debug_aranges
                0x00000a50       0x60 ./USB_DEVICE/App/usbd_desc.o
 .debug_aranges
                0x00000ab0      0x118 ./USB_DEVICE/Target/usbd_conf.o

.debug_rnglists
                0x00000000      0x8a3
 .debug_rnglists
                0x00000000       0x5b ./Core/Src/cart_adapter.o
 .debug_rnglists
                0x0000005b       0x27 ./Core/Src/main.o
 .debug_rnglists
                0x00000082       0x13 ./Core/Src/stm32f1xx_hal_msp.o
 .debug_rnglists
                0x00000095       0x49 ./Core/Src/stm32f1xx_it.o
 .debug_rnglists
                0x000000de       0x1a ./Core/Src/system_stm32f1xx.o
 .debug_rnglists
                0x000000f8       0xaf ./Core/Src/uart.o
 .debug_rnglists
                0x000001a7       0x19 ./Core/Startup/startup_stm32f103c8tx.o
 .debug_rnglists
                0x000001c0       0xa3 ./Drivers/STM32F1xx_HAL_Driver/Src/stm32f1xx_hal.o
 .debug_rnglists
                0x00000263       0xbb ./Drivers/STM32F1xx_HAL_Driver/Src/stm32f1xx_hal_cortex.o
 .debug_rnglists
                0x0000031e       0x3f ./Drivers/STM32F1xx_HAL_Driver/Src/stm32f1xx_hal_gpio.o
 .debug_rnglists
                0x0000035d       0xf4 ./Drivers/STM32F1xx_HAL_Driver/Src/stm32f1xx_hal_pcd.o
 .debug_rnglists
                0x00000451       0x26 ./Drivers/STM32F1xx_HAL_Driver/Src/stm32f1xx_hal_pcd_ex.o
 .debug_rnglists
                0x00000477       0x6c ./Drivers/STM32F1xx_HAL_Driver/Src/stm32f1xx_hal_rcc.o
 .debug_rnglists
                0x000004e3       0x21 ./Drivers/STM32F1xx_HAL_Driver/Src/stm32f1xx_hal_rcc_ex.o
 .debug_rnglists
                0x00000504       0xbd ./Drivers/STM32F1xx_HAL_Driver/Src/stm32f1xx_ll_usb.o
 .debug_rnglists
                0x000005c1       0x6a ./Middlewares/ST/STM32_USB_Device_Library/Class/CDC/Src/usbd_cdc.o
 .debug_rnglists
                0x0000062b       0x89 ./Middlewares/ST/STM32_USB_Device_Library/Core/Src/usbd_core.o
 .debug_rnglists
                0x000006b4       0x68 ./Middlewares/ST/STM32_USB_Device_Library/Core/Src/usbd_ctlreq.o
 .debug_rnglists
                0x0000071c       0x37 ./Middlewares/ST/STM32_USB_Device_Library/Core/Src/usbd_ioreq.o
 .debug_rnglists
                0x00000753       0x13 ./USB_DEVICE/App/usb_device.o
 .debug_rnglists
                0x00000766       0x2c ./USB_DEVICE/App/usbd_cdc_if.o
 .debug_rnglists
                0x00000792       0x43 ./USB_DEVICE/App/usbd_desc.o
 .debug_rnglists
                0x000007d5       0xce ./USB_DEVICE/Target/usbd_conf.o

.debug_macro    0x00000000    0x19928
 .debug_macro   0x00000000      0x1c1 ./Core/Src/cart_adapter.o
 .debug_macro   0x000001c1      0xacc ./Core/Src/cart_adapter.o
 .debug_macro   0x00000c8d       0x22 ./Core/Src/cart_adapter.o
 .debug_macro   0x00000caf       0x8e ./Core/Src/cart_adapter.o
 .debug_macro   0x00000d3d       0x51 ./Core/Src/cart_adapter.o
 .debug_macro   0x00000d8e      0x103 ./Core/Src/cart_adapter.o
 .debug_macro   0x00000e91       0x6a ./Core/Src/cart_adapter.o
 .debug_macro   0x00000efb      0x1df ./Core/Src/cart_adapter.o
 .debug_macro   0x000010da      0x215 ./Core/Src/cart_adapter.o
 .debug_macro   0x000012ef       0x2e ./Core/Src/cart_adapter.o
 .debug_macro   0x0000131d       0x22 ./Core/Src/cart_adapter.o
 .debug_macro   0x0000133f       0x1c ./Core/Src/cart_adapter.o
 .debug_macro   0x0000135b       0x22 ./Core/Src/cart_adapter.o
 .debug_macro   0x0000137d       0xbd ./Core/Src/cart_adapter.o
 .debug_macro   0x0000143a      0xd23 ./Core/Src/cart_adapter.o
 .debug_macro   0x0000215d     0xe09e ./Core/Src/cart_adapter.o
 .debug_macro   0x000101fb       0x6d ./Core/Src/cart_adapter.o
 .debug_macro   0x00010268     0x34a2 ./Core/Src/cart_adapter.o
 .debug_macro   0x0001370a      0x190 ./Core/Src/cart_adapter.o
 .debug_macro   0x0001389a       0x5c ./Core/Src/cart_adapter.o
 .debug_macro   0x000138f6      0x5bc ./Core/Src/cart_adapter.o
 .debug_macro   0x00013eb2      0x289 ./Core/Src/cart_adapter.o
 .debug_macro   0x0001413b      0x1cb ./Core/Src/cart_adapter.o
 .debug_macro   0x00014306      0x114 ./Core/Src/cart_adapter.o
 .debug_macro   0x0001441a      0x1b2 ./Core/Src/cart_adapter.o
 .debug_macro   0x000145cc       0x27 ./Core/Src/cart_adapter.o
 .debug_macro   0x000145f3      0x136 ./Core/Src/cart_adapter.o
 .debug_macro   0x00014729      0x1bc ./Core/Src/cart_adapter.o
 .debug_macro   0x000148e5       0x34 ./Core/Src/cart_adapter.o
 .debug_macro   0x00014919       0x3c ./Core/Src/cart_adapter.o
 .debug_macro   0x00014955       0x57 ./Core/Src/cart_adapter.o
 .debug_macro   0x000149ac       0x87 ./Core/Src/cart_adapter.o
 .debug_macro   0x00014a33      0x240 ./Core/Src/cart_adapter.o
 .debug_macro   0x00014c73      0x140 ./Core/Src/cart_adapter.o
 .debug_macro   0x00014db3       0xb7 ./Core/Src/cart_adapter.o
 .debug_macro   0x00014e6a      0x242 ./Core/Src/cart_adapter.o
 .debug_macro   0x000150ac       0x83 ./Core/Src/cart_adapter.o
 .debug_macro   0x0001512f      0x160 ./Core/Src/cart_adapter.o
 .debug_macro   0x0001528f      0x32f ./Core/Src/main.o
 .debug_macro   0x000155be       0x61 ./Core/Src/main.o
 .debug_macro   0x0001561f       0x24 ./Core/Src/main.o
 .debug_macro   0x00015643       0x43 ./Core/Src/main.o
 .debug_macro   0x00015686       0x34 ./Core/Src/main.o
 .debug_macro   0x000156ba       0x16 ./Core/Src/main.o
 .debug_macro   0x000156d0       0x3c ./Core/Src/main.o
 .debug_macro   0x0001570c      0x370 ./Core/Src/main.o
 .debug_macro   0x00015a7c       0x10 ./Core/Src/main.o
 .debug_macro   0x00015a8c       0x16 ./Core/Src/main.o
 .debug_macro   0x00015aa2       0x4a ./Core/Src/main.o
 .debug_macro   0x00015aec       0x34 ./Core/Src/main.o
 .debug_macro   0x00015b20       0x10 ./Core/Src/main.o
 .debug_macro   0x00015b30       0x58 ./Core/Src/main.o
 .debug_macro   0x00015b88       0x8e ./Core/Src/main.o
 .debug_macro   0x00015c16       0x1c ./Core/Src/main.o
 .debug_macro   0x00015c32      0x185 ./Core/Src/main.o
 .debug_macro   0x00015db7       0x16 ./Core/Src/main.o
 .debug_macro   0x00015dcd       0x16 ./Core/Src/main.o
 .debug_macro   0x00015de3      0x146 ./Core/Src/main.o
 .debug_macro   0x00015f29       0x16 ./Core/Src/main.o
 .debug_macro   0x00015f3f       0x16 ./Core/Src/main.o
 .debug_macro   0x00015f55       0x29 ./Core/Src/main.o
 .debug_macro   0x00015f7e       0x16 ./Core/Src/main.o
 .debug_macro   0x00015f94       0x20 ./Core/Src/main.o
 .debug_macro   0x00015fb4       0x5f ./Core/Src/main.o
 .debug_macro   0x00016013      0x1c8 ./Core/Src/main.o
 .debug_macro   0x000161db      0x1b7 ./Core/Src/stm32f1xx_hal_msp.o
 .debug_macro   0x00016392      0x1c1 ./Core/Src/stm32f1xx_it.o
 .debug_macro   0x00016553      0x1a8 ./Core/Src/system_stm32f1xx.o
 .debug_macro   0x000166fb      0x395 ./Core/Src/uart.o
 .debug_macro   0x00016a90       0x10 ./Core/Src/uart.o
 .debug_macro   0x00016aa0       0x56 ./Core/Src/uart.o
 .debug_macro   0x00016af6       0x1c ./Core/Src/uart.o
 .debug_macro   0x00016b12       0x8f ./Core/Src/uart.o
 .debug_macro   0x00016ba1       0x10 ./Core/Src/uart.o
 .debug_macro   0x00016bb1      0x1cc ./Drivers/STM32F1xx_HAL_Driver/Src/stm32f1xx_hal.o
 .debug_macro   0x00016d7d      0x1a8 ./Drivers/STM32F1xx_HAL_Driver/Src/stm32f1xx_hal_cortex.o
 .debug_macro   0x00016f25      0x213 ./Drivers/STM32F1xx_HAL_Driver/Src/stm32f1xx_hal_gpio.o
 .debug_macro   0x00017138      0x1b4 ./Drivers/STM32F1xx_HAL_Driver/Src/stm32f1xx_hal_pcd.o
 .debug_macro   0x000172ec      0x1a8 ./Drivers/STM32F1xx_HAL_Driver/Src/stm32f1xx_hal_pcd_ex.o
 .debug_macro   0x00017494      0x1ba ./Drivers/STM32F1xx_HAL_Driver/Src/stm32f1xx_hal_rcc.o
 .debug_macro   0x0001764e      0x1a8 ./Drivers/STM32F1xx_HAL_Driver/Src/stm32f1xx_hal_rcc_ex.o
 .debug_macro   0x000177f6      0x1a8 ./Drivers/STM32F1xx_HAL_Driver/Src/stm32f1xx_ll_usb.o
 .debug_macro   0x0001799e      0x346 ./Middlewares/ST/STM32_USB_Device_Library/Class/CDC/Src/usbd_cdc.o
 .debug_macro   0x00017ce4       0x9e ./Middlewares/ST/STM32_USB_Device_Library/Class/CDC/Src/usbd_cdc.o
 .debug_macro   0x00017d82      0x112 ./Middlewares/ST/STM32_USB_Device_Library/Class/CDC/Src/usbd_cdc.o
 .debug_macro   0x00017e94      0x32d ./Middlewares/ST/STM32_USB_Device_Library/Core/Src/usbd_core.o
 .debug_macro   0x000181c1      0x1ce ./Middlewares/ST/STM32_USB_Device_Library/Core/Src/usbd_core.o
 .debug_macro   0x0001838f      0x337 ./Middlewares/ST/STM32_USB_Device_Library/Core/Src/usbd_ctlreq.o
 .debug_macro   0x000186c6      0x333 ./Middlewares/ST/STM32_USB_Device_Library/Core/Src/usbd_ioreq.o
 .debug_macro   0x000189f9      0x366 ./USB_DEVICE/App/usb_device.o
 .debug_macro   0x00018d5f      0x166 ./USB_DEVICE/App/usb_device.o
 .debug_macro   0x00018ec5       0x22 ./USB_DEVICE/App/usb_device.o
 .debug_macro   0x00018ee7       0x16 ./USB_DEVICE/App/usb_device.o
 .debug_macro   0x00018efd      0x35b ./USB_DEVICE/App/usbd_cdc_if.o
 .debug_macro   0x00019258      0x36a ./USB_DEVICE/App/usbd_desc.o
 .debug_macro   0x000195c2       0x1c ./USB_DEVICE/App/usbd_desc.o
 .debug_macro   0x000195de      0x34a ./USB_DEVICE/Target/usbd_conf.o

.debug_line     0x00000000     0xfe63
 .debug_line    0x00000000      0x9f0 ./Core/Src/cart_adapter.o
 .debug_line    0x000009f0      0xa21 ./Core/Src/main.o
 .debug_line    0x00001411      0x6fb ./Core/Src/stm32f1xx_hal_msp.o
 .debug_line    0x00001b0c      0x7c1 ./Core/Src/stm32f1xx_it.o
 .debug_line    0x000022cd      0x779 ./Core/Src/system_stm32f1xx.o
 .debug_line    0x00002a46     0x10cd ./Core/Src/uart.o
 .debug_line    0x00003b13       0x78 ./Core/Startup/startup_stm32f103c8tx.o
 .debug_line    0x00003b8b      0x9aa ./Drivers/STM32F1xx_HAL_Driver/Src/stm32f1xx_hal.o
 .debug_line    0x00004535      0xb74 ./Drivers/STM32F1xx_HAL_Driver/Src/stm32f1xx_hal_cortex.o
 .debug_line    0x000050a9      0xa07 ./Drivers/STM32F1xx_HAL_Driver/Src/stm32f1xx_hal_gpio.o
 .debug_line    0x00005ab0     0x132f ./Drivers/STM32F1xx_HAL_Driver/Src/stm32f1xx_hal_pcd.o
 .debug_line    0x00006ddf      0x774 ./Drivers/STM32F1xx_HAL_Driver/Src/stm32f1xx_hal_pcd_ex.o
 .debug_line    0x00007553      0xe63 ./Drivers/STM32F1xx_HAL_Driver/Src/stm32f1xx_hal_rcc.o
 .debug_line    0x000083b6      0x914 ./Drivers/STM32F1xx_HAL_Driver/Src/stm32f1xx_hal_rcc_ex.o
 .debug_line    0x00008cca     0x111a ./Drivers/STM32F1xx_HAL_Driver/Src/stm32f1xx_ll_usb.o
 .debug_line    0x00009de4      0xd03 ./Middlewares/ST/STM32_USB_Device_Library/Class/CDC/Src/usbd_cdc.o
 .debug_line    0x0000aae7      0xd58 ./Middlewares/ST/STM32_USB_Device_Library/Core/Src/usbd_core.o
 .debug_line    0x0000b83f      0xfa2 ./Middlewares/ST/STM32_USB_Device_Library/Core/Src/usbd_ctlreq.o
 .debug_line    0x0000c7e1      0xa0e ./Middlewares/ST/STM32_USB_Device_Library/Core/Src/usbd_ioreq.o
 .debug_line    0x0000d1ef      0x9de ./USB_DEVICE/App/usb_device.o
 .debug_line    0x0000dbcd      0xa55 ./USB_DEVICE/App/usbd_cdc_if.o
 .debug_line    0x0000e622      0xa87 ./USB_DEVICE/App/usbd_desc.o
 .debug_line    0x0000f0a9      0xdba ./USB_DEVICE/Target/usbd_conf.o

.debug_str      0x00000000    0x85000
 .debug_str     0x00000000    0x85000 ./Core/Src/cart_adapter.o
                              0x7dce3 (size before relaxing)
 .debug_str     0x00085000    0x821bf ./Core/Src/main.o
 .debug_str     0x00085000    0x7dc53 ./Core/Src/stm32f1xx_hal_msp.o
 .debug_str     0x00085000    0x7e032 ./Core/Src/stm32f1xx_it.o
 .debug_str     0x00085000    0x7d802 ./Core/Src/system_stm32f1xx.o
 .debug_str     0x00085000    0x82a28 ./Core/Src/uart.o
 .debug_str     0x00085000       0x8c ./Core/Startup/startup_stm32f103c8tx.o
 .debug_str     0x00085000    0x7df35 ./Drivers/STM32F1xx_HAL_Driver/Src/stm32f1xx_hal.o
 .debug_str     0x00085000    0x7de81 ./Drivers/STM32F1xx_HAL_Driver/Src/stm32f1xx_hal_cortex.o
 .debug_str     0x00085000    0x7db88 ./Drivers/STM32F1xx_HAL_Driver/Src/stm32f1xx_hal_gpio.o
 .debug_str     0x00085000    0x7e11f ./Drivers/STM32F1xx_HAL_Driver/Src/stm32f1xx_hal_pcd.o
 .debug_str     0x00085000    0x7dc81 ./Drivers/STM32F1xx_HAL_Driver/Src/stm32f1xx_hal_pcd_ex.o
 .debug_str     0x00085000    0x7dc31 ./Drivers/STM32F1xx_HAL_Driver/Src/stm32f1xx_hal_rcc.o
 .debug_str     0x00085000    0x7d981 ./Drivers/STM32F1xx_HAL_Driver/Src/stm32f1xx_hal_rcc_ex.o
 .debug_str     0x00085000    0x7dcd3 ./Drivers/STM32F1xx_HAL_Driver/Src/stm32f1xx_ll_usb.o
 .debug_str     0x00085000    0x82bea ./Middlewares/ST/STM32_USB_Device_Library/Class/CDC/Src/usbd_cdc.o
 .debug_str     0x00085000    0x8251a ./Middlewares/ST/STM32_USB_Device_Library/Core/Src/usbd_core.o
 .debug_str     0x00085000    0x82434 ./Middlewares/ST/STM32_USB_Device_Library/Core/Src/usbd_ctlreq.o
 .debug_str     0x00085000    0x82361 ./Middlewares/ST/STM32_USB_Device_Library/Core/Src/usbd_ioreq.o
 .debug_str     0x00085000    0x826ec ./USB_DEVICE/App/usb_device.o
 .debug_str     0x00085000    0x82752 ./USB_DEVICE/App/usbd_cdc_if.o
 .debug_str     0x00085000    0x8229d ./USB_DEVICE/App/usbd_desc.o
 .debug_str     0x00085000    0x83177 ./USB_DEVICE/Target/usbd_conf.o

.comment        0x00000000       0x43
 .comment       0x00000000       0x43 ./Core/Src/cart_adapter.o
                                 0x44 (size before relaxing)
 .comment       0x00000043       0x44 ./Core/Src/main.o
 .comment       0x00000043       0x44 ./Core/Src/stm32f1xx_hal_msp.o
 .comment       0x00000043       0x44 ./Core/Src/stm32f1xx_it.o
 .comment       0x00000043       0x44 ./Core/Src/system_stm32f1xx.o
 .comment       0x00000043       0x44 ./Core/Src/uart.o
 .comment       0x00000043       0x44 ./Drivers/STM32F1xx_HAL_Driver/Src/stm32f1xx_hal.o
 .comment       0x00000043       0x44 ./Drivers/STM32F1xx_HAL_Driver/Src/stm32f1xx_hal_cortex.o
 .comment       0x00000043       0x44 ./Drivers/STM32F1xx_HAL_Driver/Src/stm32f1xx_hal_gpio.o
 .comment       0x00000043       0x44 ./Drivers/STM32F1xx_HAL_Driver/Src/stm32f1xx_hal_pcd.o
 .comment       0x00000043       0x44 ./Drivers/STM32F1xx_HAL_Driver/Src/stm32f1xx_hal_pcd_ex.o
 .comment       0x00000043       0x44 ./Drivers/STM32F1xx_HAL_Driver/Src/stm32f1xx_hal_rcc.o
 .comment       0x00000043       0x44 ./Drivers/STM32F1xx_HAL_Driver/Src/stm32f1xx_hal_rcc_ex.o
 .comment       0x00000043       0x44 ./Drivers/STM32F1xx_HAL_Driver/Src/stm32f1xx_ll_usb.o
 .comment       0x00000043       0x44 ./Middlewares/ST/STM32_USB_Device_Library/Class/CDC/Src/usbd_cdc.o
 .comment       0x00000043       0x44 ./Middlewares/ST/STM32_USB_Device_Library/Core/Src/usbd_core.o
 .comment       0x00000043       0x44 ./Middlewares/ST/STM32_USB_Device_Library/Core/Src/usbd_ctlreq.o
 .comment       0x00000043       0x44 ./Middlewares/ST/STM32_USB_Device_Library/Core/Src/usbd_ioreq.o
 .comment       0x00000043       0x44 ./USB_DEVICE/App/usb_device.o
 .comment       0x00000043       0x44 ./USB_DEVICE/App/usbd_cdc_if.o
 .comment       0x00000043       0x44 ./USB_DEVICE/App/usbd_desc.o
 .comment       0x00000043       0x44 ./USB_DEVICE/Target/usbd_conf.o

.debug_frame    0x00000000     0x2d44
 .debug_frame   0x00000000      0x1c8 ./Core/Src/cart_adapter.o
 .debug_frame   0x000001c8       0x8c ./Core/Src/main.o
 .debug_frame   0x00000254       0x38 ./Core/Src/stm32f1xx_hal_msp.o
 .debug_frame   0x0000028c      0x120 ./Core/Src/stm32f1xx_it.o
 .debug_frame   0x000003ac       0x58 ./Core/Src/system_stm32f1xx.o
 .debug_frame   0x00000404      0x384 ./Core/Src/uart.o
 .debug_frame   0x00000788      0x334 ./Drivers/STM32F1xx_HAL_Driver/Src/stm32f1xx_hal.o
 .debug_frame   0x00000abc      0x428 ./Drivers/STM32F1xx_HAL_Driver/Src/stm32f1xx_hal_cortex.o
 .debug_frame   0x00000ee4      0x14c ./Drivers/STM32F1xx_HAL_Driver/Src/stm32f1xx_hal_gpio.o
 .debug_frame   0x00001030      0x594 ./Drivers/STM32F1xx_HAL_Driver/Src/stm32f1xx_hal_pcd.o
 .debug_frame   0x000015c4       0xb0 ./Drivers/STM32F1xx_HAL_Driver/Src/stm32f1xx_hal_pcd_ex.o
 .debug_frame   0x00001674      0x218 ./Drivers/STM32F1xx_HAL_Driver/Src/stm32f1xx_hal_rcc.o
 .debug_frame   0x0000188c       0x80 ./Drivers/STM32F1xx_HAL_Driver/Src/stm32f1xx_hal_rcc_ex.o
 .debug_frame   0x0000190c      0x470 ./Drivers/STM32F1xx_HAL_Driver/Src/stm32f1xx_ll_usb.o
 .debug_frame   0x00001d7c      0x248 ./Middlewares/ST/STM32_USB_Device_Library/Class/CDC/Src/usbd_cdc.o
 .debug_frame   0x00001fc4      0x300 ./Middlewares/ST/STM32_USB_Device_Library/Core/Src/usbd_core.o
 .debug_frame   0x000022c4      0x218 ./Middlewares/ST/STM32_USB_Device_Library/Core/Src/usbd_ctlreq.o
 .debug_frame   0x000024dc      0x10c ./Middlewares/ST/STM32_USB_Device_Library/Core/Src/usbd_ioreq.o
 .debug_frame   0x000025e8       0x2c ./USB_DEVICE/App/usb_device.o
 .debug_frame   0x00002614       0xb8 ./USB_DEVICE/App/usbd_cdc_if.o
 .debug_frame   0x000026cc      0x160 ./USB_DEVICE/App/usbd_desc.o
 .debug_frame   0x0000282c      0x4a4 ./USB_DEVICE/Target/usbd_conf.o
 .debug_frame   0x00002cd0       0x20 C:/ST/STM32CubeIDE_1.16.1/STM32CubeIDE/plugins/com.st.stm32cube.ide.mcu.externaltools.gnu-tools-for-stm32.13.3.rel1.win32_1.0.0.202411081344/tools/bin/../lib/gcc/arm-none-eabi/13.3.1/../../../../arm-none-eabi/lib/thumb/v7-m/nofp\libc_nano.a(libc_a-memset.o)
 .debug_frame   0x00002cf0       0x2c C:/ST/STM32CubeIDE_1.16.1/STM32CubeIDE/plugins/com.st.stm32cube.ide.mcu.externaltools.gnu-tools-for-stm32.13.3.rel1.win32_1.0.0.202411081344/tools/bin/../lib/gcc/arm-none-eabi/13.3.1/../../../../arm-none-eabi/lib/thumb/v7-m/nofp\libc_nano.a(libc_a-init.o)
 .debug_frame   0x00002d1c       0x28 C:/ST/STM32CubeIDE_1.16.1/STM32CubeIDE/plugins/com.st.stm32cube.ide.mcu.externaltools.gnu-tools-for-stm32.13.3.rel1.win32_1.0.0.202411081344/tools/bin/../lib/gcc/arm-none-eabi/13.3.1/../../../../arm-none-eabi/lib/thumb/v7-m/nofp\libc_nano.a(libc_a-memcpy-stub.o)

.debug_line_str
                0x00000000       0x70
 .debug_line_str
                0x00000000       0x70 ./Core/Startup/startup_stm32f103c8tx.o
