../Core/Src/uart.c:85:10:modbusCRC16	32	static
../Core/Src/uart.c:105:6:uart_setControlLine	16	static
../Core/Src/uart.c:121:6:uart_responData	32	static
../Core/Src/uart.c:147:6:uart_responAck	16	static
../Core/Src/uart.c:159:6:uart_cmdRecv	24	static
../Core/Src/uart.c:172:6:uart_clearRecvBuf	8	static
../Core/Src/uart.c:179:6:uart_cmdHandler	8	static
../Core/Src/uart.c:277:6:romWaitForDone	24	static
../Core/Src/uart.c:300:6:romGetID	24	static
../Core/Src/uart.c:330:6:romEraseChip	16	static
../Core/Src/uart.c:356:6:romEraseBlock	8	static
../Core/Src/uart.c:366:6:romEraseSector	24	static
../Core/Src/uart.c:399:6:romProgram	48	static
../Core/Src/uart.c:498:6:romWrite	24	static
../Core/Src/uart.c:521:6:romRead	32	static
../Core/Src/uart.c:547:6:ramWrite	24	static
../Core/Src/uart.c:577:6:ramRead	24	static
../Core/Src/uart.c:604:6:ramProgramFlash	32	static
../Core/Src/uart.c:647:6:ramWrite_forFram	32	static,ignoring_inline_asm
../Core/Src/uart.c:673:6:ramRead_forFram	32	static,ignoring_inline_asm
../Core/Src/uart.c:703:6:gbcWrite	24	static
../Core/Src/uart.c:721:6:gbcRead	24	static
../Core/Src/uart.c:739:6:gbcRomProgram	40	static
../Core/Src/uart.c:831:6:gbcWrite_forFram	32	static,ignoring_inline_asm
../Core/Src/uart.c:857:6:gbcRead_forFram	32	static,ignoring_inline_asm
